Archive member included to satisfy reference by file (symbol)

/Applications/STM32CubeIDE.app/Contents/Eclipse/plugins/com.st.stm32cube.ide.mcu.externaltools.gnu-tools-for-stm32.12.3.rel1.macos64_1.0.100.202403111906/tools/bin/../lib/gcc/arm-none-eabi/12.3.1/../../../../arm-none-eabi/lib/thumb/v7e-m+fp/hard/libc_nano.a(libc_a-exit.o)
                              /Applications/STM32CubeIDE.app/Contents/Eclipse/plugins/com.st.stm32cube.ide.mcu.externaltools.gnu-tools-for-stm32.12.3.rel1.macos64_1.0.100.202403111906/tools/bin/../lib/gcc/arm-none-eabi/12.3.1/../../../../arm-none-eabi/lib/thumb/v7e-m+fp/hard/crt0.o (exit)
/Applications/STM32CubeIDE.app/Contents/Eclipse/plugins/com.st.stm32cube.ide.mcu.externaltools.gnu-tools-for-stm32.12.3.rel1.macos64_1.0.100.202403111906/tools/bin/../lib/gcc/arm-none-eabi/12.3.1/../../../../arm-none-eabi/lib/thumb/v7e-m+fp/hard/libc_nano.a(libc_a-findfp.o)
                              /Applications/STM32CubeIDE.app/Contents/Eclipse/plugins/com.st.stm32cube.ide.mcu.externaltools.gnu-tools-for-stm32.12.3.rel1.macos64_1.0.100.202403111906/tools/bin/../lib/gcc/arm-none-eabi/12.3.1/../../../../arm-none-eabi/lib/thumb/v7e-m+fp/hard/libc_nano.a(libc_a-exit.o) (__stdio_exit_handler)
/Applications/STM32CubeIDE.app/Contents/Eclipse/plugins/com.st.stm32cube.ide.mcu.externaltools.gnu-tools-for-stm32.12.3.rel1.macos64_1.0.100.202403111906/tools/bin/../lib/gcc/arm-none-eabi/12.3.1/../../../../arm-none-eabi/lib/thumb/v7e-m+fp/hard/libc_nano.a(libc_a-fwalk.o)
                              /Applications/STM32CubeIDE.app/Contents/Eclipse/plugins/com.st.stm32cube.ide.mcu.externaltools.gnu-tools-for-stm32.12.3.rel1.macos64_1.0.100.202403111906/tools/bin/../lib/gcc/arm-none-eabi/12.3.1/../../../../arm-none-eabi/lib/thumb/v7e-m+fp/hard/libc_nano.a(libc_a-findfp.o) (_fwalk_sglue)
/Applications/STM32CubeIDE.app/Contents/Eclipse/plugins/com.st.stm32cube.ide.mcu.externaltools.gnu-tools-for-stm32.12.3.rel1.macos64_1.0.100.202403111906/tools/bin/../lib/gcc/arm-none-eabi/12.3.1/../../../../arm-none-eabi/lib/thumb/v7e-m+fp/hard/libc_nano.a(libc_a-memset.o)
                              /Applications/STM32CubeIDE.app/Contents/Eclipse/plugins/com.st.stm32cube.ide.mcu.externaltools.gnu-tools-for-stm32.12.3.rel1.macos64_1.0.100.202403111906/tools/bin/../lib/gcc/arm-none-eabi/12.3.1/../../../../arm-none-eabi/lib/thumb/v7e-m+fp/hard/crt0.o (memset)
/Applications/STM32CubeIDE.app/Contents/Eclipse/plugins/com.st.stm32cube.ide.mcu.externaltools.gnu-tools-for-stm32.12.3.rel1.macos64_1.0.100.202403111906/tools/bin/../lib/gcc/arm-none-eabi/12.3.1/../../../../arm-none-eabi/lib/thumb/v7e-m+fp/hard/libc_nano.a(libc_a-impure.o)
                              /Applications/STM32CubeIDE.app/Contents/Eclipse/plugins/com.st.stm32cube.ide.mcu.externaltools.gnu-tools-for-stm32.12.3.rel1.macos64_1.0.100.202403111906/tools/bin/../lib/gcc/arm-none-eabi/12.3.1/../../../../arm-none-eabi/lib/thumb/v7e-m+fp/hard/libc_nano.a(libc_a-findfp.o) (_impure_data)
/Applications/STM32CubeIDE.app/Contents/Eclipse/plugins/com.st.stm32cube.ide.mcu.externaltools.gnu-tools-for-stm32.12.3.rel1.macos64_1.0.100.202403111906/tools/bin/../lib/gcc/arm-none-eabi/12.3.1/../../../../arm-none-eabi/lib/thumb/v7e-m+fp/hard/libc_nano.a(libc_a-errno.o)
                              ./Core/Src/syscalls.o (__errno)
/Applications/STM32CubeIDE.app/Contents/Eclipse/plugins/com.st.stm32cube.ide.mcu.externaltools.gnu-tools-for-stm32.12.3.rel1.macos64_1.0.100.202403111906/tools/bin/../lib/gcc/arm-none-eabi/12.3.1/../../../../arm-none-eabi/lib/thumb/v7e-m+fp/hard/libc_nano.a(libc_a-init.o)
                              /Applications/STM32CubeIDE.app/Contents/Eclipse/plugins/com.st.stm32cube.ide.mcu.externaltools.gnu-tools-for-stm32.12.3.rel1.macos64_1.0.100.202403111906/tools/bin/../lib/gcc/arm-none-eabi/12.3.1/../../../../arm-none-eabi/lib/thumb/v7e-m+fp/hard/crt0.o (__libc_init_array)
/Applications/STM32CubeIDE.app/Contents/Eclipse/plugins/com.st.stm32cube.ide.mcu.externaltools.gnu-tools-for-stm32.12.3.rel1.macos64_1.0.100.202403111906/tools/bin/../lib/gcc/arm-none-eabi/12.3.1/../../../../arm-none-eabi/lib/thumb/v7e-m+fp/hard/libc_nano.a(libc_a-lock.o)
                              /Applications/STM32CubeIDE.app/Contents/Eclipse/plugins/com.st.stm32cube.ide.mcu.externaltools.gnu-tools-for-stm32.12.3.rel1.macos64_1.0.100.202403111906/tools/bin/../lib/gcc/arm-none-eabi/12.3.1/../../../../arm-none-eabi/lib/thumb/v7e-m+fp/hard/libc_nano.a(libc_a-findfp.o) (__retarget_lock_init_recursive)
/Applications/STM32CubeIDE.app/Contents/Eclipse/plugins/com.st.stm32cube.ide.mcu.externaltools.gnu-tools-for-stm32.12.3.rel1.macos64_1.0.100.202403111906/tools/bin/../lib/gcc/arm-none-eabi/12.3.1/../../../../arm-none-eabi/lib/thumb/v7e-m+fp/hard/libc_nano.a(libc_a-mallocr.o)
[...]
Memory Configuration

Name             Origin             Length             Attributes
RAM              0x20000000         0x00010000         xrw
FLASH            0x08000000         0x00040000         xr
*default*        0x00000000         0xffffffff

Linker script and memory map

LOAD /Applications/STM32CubeIDE.app/Contents/Eclipse/plugins/com.st.stm32cube.ide.mcu.externaltools.gnu-tools-for-stm32.12.3.rel1.macos64_1.0.100.202403111906/tools/bin/../lib/gcc/arm-none-eabi/12.3.1/thumb/v7e-m+fp/hard/crti.o
LOAD /Applications/STM32CubeIDE.app/Contents/Eclipse/plugins/com.st.stm32cube.ide.mcu.externaltools.gnu-tools-for-stm32.12.3.rel1.macos64_1.0.100.202403111906/tools/bin/../lib/gcc/arm-none-eabi/12.3.1/thumb/v7e-m+fp/hard/crtbegin.o
LOAD /Applications/STM32CubeIDE.app/Contents/Eclipse/plugins/com.st.stm32cube.ide.mcu.externaltools.gnu-tools-for-stm32.12.3.rel1.macos64_1.0.100.202403111906/tools/bin/../lib/gcc/arm-none-eabi/12.3.1/../../../../arm-none-eabi/lib/thumb/v7e-m+fp/hard/crt0.o
LOAD ./Core/Src/PID_Control.o
LOAD ./Core/Src/dma.o
LOAD ./Core/Src/dshot.o
LOAD ./Core/Src/gpio.o
LOAD ./Core/Src/i2c.o
LOAD ./Core/Src/ibus.o
LOAD ./Core/Src/imu.o
LOAD ./Core/Src/main.o
LOAD ./Core/Src/stm32f4xx_hal_msp.o
LOAD ./Core/Src/stm32f4xx_it.o
LOAD ./Core/Src/syscalls.o
LOAD ./Core/Src/sysmem.o
LOAD ./Core/Src/system_stm32f4xx.o
LOAD ./Core/Src/tim.o
LOAD ./Core/Src/usart.o
LOAD ./Core/Startup/startup_stm32f401ccux.o
LOAD ./Drivers/STM32F4xx_HAL_Driver/Src/stm32f4xx_hal.o
LOAD ./Drivers/STM32F4xx_HAL_Driver/Src/stm32f4xx_hal_cortex.o
LOAD ./Drivers/STM32F4xx_HAL_Driver/Src/stm32f4xx_hal_dma.o
LOAD ./Drivers/STM32F4xx_HAL_Driver/Src/stm32f4xx_hal_dma_ex.o
LOAD ./Drivers/STM32F4xx_HAL_Driver/Src/stm32f4xx_hal_exti.o
LOAD ./Drivers/STM32F4xx_HAL_Driver/Src/stm32f4xx_hal_flash.o
LOAD ./Drivers/STM32F4xx_HAL_Driver/Src/stm32f4xx_hal_flash_ex.o
LOAD ./Drivers/STM32F4xx_HAL_Driver/Src/stm32f4xx_hal_flash_ramfunc.o
LOAD ./Drivers/STM32F4xx_HAL_Driver/Src/stm32f4xx_hal_gpio.o
LOAD ./Drivers/STM32F4xx_HAL_Driver/Src/stm32f4xx_hal_i2c.o
LOAD ./Drivers/STM32F4xx_HAL_Driver/Src/stm32f4xx_hal_i2c_ex.o
LOAD ./Drivers/STM32F4xx_HAL_Driver/Src/stm32f4xx_hal_pwr.o
LOAD ./Drivers/STM32F4xx_HAL_Driver/Src/stm32f4xx_hal_pwr_ex.o
LOAD ./Drivers/STM32F4xx_HAL_Driver/Src/stm32f4xx_hal_rcc.o
LOAD ./Drivers/STM32F4xx_HAL_Driver/Src/stm32f4xx_hal_rcc_ex.o
LOAD ./Drivers/STM32F4xx_HAL_Driver/Src/stm32f4xx_hal_tim.o
LOAD ./Drivers/STM32F4xx_HAL_Driver/Src/stm32f4xx_hal_tim_ex.o
LOAD ./Drivers/STM32F4xx_HAL_Driver/Src/stm32f4xx_hal_uart.o
START GROUP
LOAD /Applications/STM32CubeIDE.app/Contents/Eclipse/plugins/com.st.stm32cube.ide.mcu.externaltools.gnu-tools-for-stm32.12.3.rel1.macos64_1.0.100.202403111906/tools/bin/../lib/gcc/arm-none-eabi/12.3.1/../../../../arm-none-eabi/lib/thumb/v7e-m+fp/hard/libc_nano.a
LOAD /Applications/STM32CubeIDE.app/Contents/Eclipse/plugins/com.st.stm32cube.ide.mcu.externaltools.gnu-tools-for-stm32.12.3.rel1.macos64_1.0.100.202403111906/tools/bin/../lib/gcc/arm-none-eabi/12.3.1/../../../../arm-none-eabi/lib/thumb/v7e-m+fp/hard/libm.a
END GROUP
START GROUP
LOAD /Applications/STM32CubeIDE.app/Contents/Eclipse/plugins/com.st.stm32cube.ide.mcu.externaltools.gnu-tools-for-stm32.12.3.rel1.macos64_1.0.100.202403111906/tools/bin/../lib/gcc/arm-none-eabi/12.3.1/thumb/v7e-m+fp/hard/libgcc.a
LOAD /Applications/STM32CubeIDE.app/Contents/Eclipse/plugins/com.st.stm32cube.ide.mcu.externaltools.gnu-tools-for-stm32.12.3.rel1.macos64_1.0.100.202403111906/tools/bin/../lib/gcc/arm-none-eabi/12.3.1/../../../../arm-none-eabi/lib/thumb/v7e-m+fp/hard/libc_nano.a
END GROUP
START GROUP
LOAD /Applications/STM32CubeIDE.app/Contents/Eclipse/plugins/com.st.stm32cube.ide.mcu.externaltools.gnu-tools-for-stm32.12.3.rel1.macos64_1.0.100.202403111906/tools/bin/../lib/gcc/arm-none-eabi/12.3.1/thumb/v7e-m+fp/hard/libgcc.a
LOAD /Applications/STM32CubeIDE.app/Contents/Eclipse/plugins/com.st.stm32cube.ide.mcu.externaltools.gnu-tools-for-stm32.12.3.rel1.macos64_1.0.100.202403111906/tools/bin/../lib/gcc/arm-none-eabi/12.3.1/../../../../arm-none-eabi/lib/thumb/v7e-m+fp/hard/libc_nano.a
LOAD /Applications/STM32CubeIDE.app/Contents/Eclipse/plugins/com.st.stm32cube.ide.mcu.externaltools.gnu-tools-for-stm32.12.3.rel1.macos64_1.0.100.202403111906/tools/bin/../lib/gcc/arm-none-eabi/12.3.1/../../../../arm-none-eabi/lib/thumb/v7e-m+fp/hard/libnosys.a
END GROUP
START GROUP
LOAD /Applications/STM32CubeIDE.app/Contents/Eclipse/plugins/com.st.stm32cube.ide.mcu.externaltools.gnu-tools-for-stm32.12.3.rel1.macos64_1.0.100.202403111906/tools/bin/../lib/gcc/arm-none-eabi/12.3.1/thumb/v7e-m+fp/hard/libgcc.a
LOAD /Applications/STM32CubeIDE.app/Contents/Eclipse/plugins/com.st.stm32cube.ide.mcu.externaltools.gnu-tools-for-stm32.12.3.rel1.macos64_1.0.100.202403111906/tools/bin/../lib/gcc/arm-none-eabi/12.3.1/../../../../arm-none-eabi/lib/thumb/v7e-m+fp/hard/libc_nano.a
LOAD /Applications/STM32CubeIDE.app/Contents/Eclipse/plugins/com.st.stm32cube.ide.mcu.externaltools.gnu-tools-for-stm32.12.3.rel1.macos64_1.0.100.202403111906/tools/bin/../lib/gcc/arm-none-eabi/12.3.1/../../../../arm-none-eabi/lib/thumb/v7e-m+fp/hard/libnosys.a
END GROUP
LOAD /Applications/STM32CubeIDE.app/Contents/Eclipse/plugins/com.st.stm32cube.ide.mcu.externaltools.gnu-tools-for-stm32.12.3.rel1.macos64_1.0.100.202403111906/tools/bin/../lib/gcc/arm-none-eabi/12.3.1/thumb/v7e-m+fp/hard/crtend.o
LOAD /Applications/STM32CubeIDE.app/Contents/Eclipse/plugins/com.st.stm32cube.ide.mcu.externaltools.gnu-tools-for-stm32.12.3.rel1.macos64_1.0.100.202403111906/tools/bin/../lib/gcc/arm-none-eabi/12.3.1/thumb/v7e-m+fp/hard/crtn.o
                0x20010000                        _estack = (ORIGIN (RAM) + LENGTH (RAM))
                0x00000200                        _Min_Heap_Size = 0x200
                0x00000400                        _Min_Stack_Size = 0x400

.isr_vector     0x08000000      0x194
                0x08000000                        . = ALIGN (0x4)
 *(.isr_vector)
 .isr_vector    0x08000000      0x194 ./Core/Startup/startup_stm32f401ccux.o
                0x08000000                g_pfnVectors
                0x08000194                        . = ALIGN (0x4)

.text           0x08000198     0x65ac
                0x08000198                        . = ALIGN (0x4)
 *(.text)
 .text          0x08000198       0x40 /Applications/STM32CubeIDE.app/Contents/Eclipse/plugins/com.st.stm32cube.ide.mcu.externaltools.gnu-tools-for-stm32.12.3.rel1.macos64_1.0.100.202403111906/tools/bin/../lib/gcc/arm-none-eabi/12.3.1/thumb/v7e-m+fp/hard/crtbegin.o
 .text          0x080001d8      0x378 /Applications/STM32CubeIDE.app/Contents/Eclipse/plugins/com.st.stm32cube.ide.mcu.externaltools.gnu-tools-for-stm32.12.3.rel1.macos64_1.0.100.202403111906/tools/bin/../lib/gcc/arm-none-eabi/12.3.1/thumb/v7e-m+fp/hard/libgcc.a(_arm_addsubdf3.o)
                0x080001d8                __aeabi_drsub
                0x080001e0                __subdf3
                0x080001e0                __aeabi_dsub
                0x080001e4                __aeabi_dadd
                0x080001e4                __adddf3
                0x0800045c                __aeabi_ui2d
                0x0800045c                __floatunsidf
                0x0800047c                __floatsidf
                0x0800047c                __aeabi_i2d
                0x080004a0                __extendsfdf2
                0x080004a0                __aeabi_f2d
                0x080004e4                __aeabi_ul2d
                0x080004e4                __floatundidf
                0x080004f4                __aeabi_l2d
                0x080004f4                __floatdidf
 .text          0x08000550      0x424 /Applications/STM32CubeIDE.app/Contents/Eclipse/plugins/com.st.stm32cube.ide.mcu.externaltools.gnu-tools-for-stm32.12.3.rel1.macos64_1.0.100.202403111906/tools/bin/../lib/gcc/arm-none-eabi/12.3.1/thumb/v7e-m+fp/hard/libgcc.a(_arm_muldivdf3.o)
                0x08000550                __aeabi_dmul
                0x08000550                __muldf3
                0x080007a4                __aeabi_ddiv
                0x080007a4                __divdf3
 .text          0x08000974      0x110 /Applications/STM32CubeIDE.app/Contents/Eclipse/plugins/com.st.stm32cube.ide.mcu.externaltools.gnu-tools-for-stm32.12.3.rel1.macos64_1.0.100.202403111906/tools/bin/../lib/gcc/arm-none-eabi/12.3.1/thumb/v7e-m+fp/hard/libgcc.a(_arm_cmpdf2.o)
                0x08000974                __gedf2
                0x08000974                __gtdf2
                0x0800097c                __ledf2
                0x0800097c                __ltdf2
                0x08000984                __cmpdf2
                0x08000984                __eqdf2
                0x08000984                __nedf2
                0x08000a00                __aeabi_cdrcmple
                0x08000a10                __aeabi_cdcmple
                0x08000a10                __aeabi_cdcmpeq
                0x08000a20                __aeabi_dcmpeq
                0x08000a34                __aeabi_dcmplt
                0x08000a48                __aeabi_dcmple
                0x08000a5c                __aeabi_dcmpge
                0x08000a70                __aeabi_dcmpgt
 .text          0x08000a84       0xa0 /Applications/STM32CubeIDE.app/Contents/Eclipse/plugins/com.st.stm32cube.ide.mcu.externaltools.gnu-tools-for-stm32.12.3.rel1.macos64_1.0.100.202403111906/tools/bin/../lib/gcc/arm-none-eabi/12.3.1/thumb/v7e-m+fp/hard/libgcc.a(_arm_truncdfsf2.o)
                0x08000a84                __aeabi_d2f
                0x08000a84                __truncdfsf2
 .text          0x08000b24       0x30 /Applications/STM32CubeIDE.app/Contents/Eclipse/plugins/com.st.stm32cube.ide.mcu.externaltools.gnu-tools-for-stm32.12.3.rel1.macos64_1.0.100.202403111906/tools/bin/../lib/gcc/arm-none-eabi/12.3.1/thumb/v7e-m+fp/hard/libgcc.a(_aeabi_uldivmod.o)
                0x08000b24                __aeabi_uldivmod
 .text          0x08000b54      0x2bc /Applications/STM32CubeIDE.app/Contents/Eclipse/plugins/com.st.stm32cube.ide.mcu.externaltools.gnu-tools-for-stm32.12.3.rel1.macos64_1.0.100.202403111906/tools/bin/../lib/gcc/arm-none-eabi/12.3.1/thumb/v7e-m+fp/hard/libgcc.a(_udivmoddi4.o)
                0x08000b54                __udivmoddi4
 .text          0x08000e10        0x4 /Applications/STM32CubeIDE.app/Contents/Eclipse/plugins/com.st.stm32cube.ide.mcu.externaltools.gnu-tools-for-stm32.12.3.rel1.macos64_1.0.100.202403111906/tools/bin/../lib/gcc/arm-none-eabi/12.3.1/thumb/v7e-m+fp/hard/libgcc.a(_dvmd_tls.o)
                0x08000e10                __aeabi_ldiv0
                0x08000e10                __aeabi_idiv0
 *(.text*)
 .text.initPIDController
                0x08000e14       0x54 ./Core/Src/PID_Control.o
                0x08000e14                initPIDController
 .text.calculatePID
                0x08000e68      0x10e ./Core/Src/PID_Control.o
                0x08000e68                calculatePID
 .text.resetPID
                0x08000f76       0x24 ./Core/Src/PID_Control.o
                0x08000f76                resetPID
 *fill*         0x08000f9a        0x2 
 .text.MX_DMA_Init
                0x08000f9c       0x70 ./Core/Src/dma.o
                0x08000f9c                MX_DMA_Init
 .text.dshot_init
                0x0800100c       0x22 ./Core/Src/dshot.o
                0x0800100c                dshot_init
 .text.dshot_write
                0x0800102e       0x1e ./Core/Src/dshot.o
                0x0800102e                dshot_write
 .text.dshot_arm_motors
                0x0800104c       0xb8 ./Core/Src/dshot.o
                0x0800104c                dshot_arm_motors
 .text.dshot_choose_type
                0x08001104       0x44 ./Core/Src/dshot.o
 .text.dshot_set_timer
                0x08001148       0xbc ./Core/Src/dshot.o
 .text.dshot_dma_tc_callback
                0x08001204       0x8c ./Core/Src/dshot.o
 .text.dshot_put_tc_callback_function
                0x08001290       0x3c ./Core/Src/dshot.o
 .text.dshot_start_pwm
                0x080012cc       0x30 ./Core/Src/dshot.o
 .text.dshot_prepare_packet
                0x080012fc       0x6a ./Core/Src/dshot.o
 .text.dshot_prepare_dmabuffer
                0x08001366       0x60 ./Core/Src/dshot.o
 *fill*         0x080013c6        0x2 
 .text.dshot_prepare_dmabuffer_all
                0x080013c8       0x58 ./Core/Src/dshot.o
 .text.dshot_dma_start
                0x08001420       0x70 ./Core/Src/dshot.o
 .text.dshot_enable_dma_request
                0x08001490       0x58 ./Core/Src/dshot.o
 .text.MX_GPIO_Init
                0x080014e8       0xa4 ./Core/Src/gpio.o
                0x080014e8                MX_GPIO_Init
 .text.MX_I2C1_Init
                0x0800158c       0x5c ./Core/Src/i2c.o
                0x0800158c                MX_I2C1_Init
 .text.HAL_I2C_MspInit
                0x080015e8       0x90 ./Core/Src/i2c.o
                0x080015e8                HAL_I2C_MspInit
 .text.normalize
                0x08001678       0x8c ./Core/Src/ibus.o
 *fill*         0x08001704        0x4 
 .text.normalize_data
                0x08001708      0x330 ./Core/Src/ibus.o
 .text.process_iBus_data
                0x08001a38       0x64 ./Core/Src/ibus.o
                0x08001a38                process_iBus_data
 .text.read_accel
                0x08001a9c      0x148 ./Core/Src/imu.o
 *fill*         0x08001be4        0x4 
 .text.read_gyro
                0x08001be8      0x150 ./Core/Src/imu.o
 .text.init_mpu6050
                0x08001d38       0xac ./Core/Src/imu.o
                0x08001d38                init_mpu6050
 .text.read_mpu6050
                0x08001de4       0x24 ./Core/Src/imu.o
                0x08001de4                read_mpu6050
 .text.calibrate_mpu6050
                0x08001e08      0x14a ./Core/Src/imu.o
                0x08001e08                calibrate_mpu6050
 *fill*         0x08001f52        0x2 
 .text.signal_init_fail
                0x08001f54       0x48 ./Core/Src/imu.o
                0x08001f54                signal_init_fail
 .text.main     0x08001f9c      0x660 ./Core/Src/main.o
                0x08001f9c                main
 .text.SystemClock_Config
                0x080025fc       0xd4 ./Core/Src/main.o
                0x080025fc                SystemClock_Config
 .text.Error_Handler
                0x080026d0        0xc ./Core/Src/main.o
                0x080026d0                Error_Handler
 .text.HAL_MspInit
                0x080026dc       0x50 ./Core/Src/stm32f4xx_hal_msp.o
                0x080026dc                HAL_MspInit
 .text.NMI_Handler
                0x0800272c        0x8 ./Core/Src/stm32f4xx_it.o
                0x0800272c                NMI_Handler
 .text.HardFault_Handler
                0x08002734        0x8 ./Core/Src/stm32f4xx_it.o
                0x08002734                HardFault_Handler
 .text.MemManage_Handler
                0x0800273c        0x8 ./Core/Src/stm32f4xx_it.o
                0x0800273c                MemManage_Handler
 .text.BusFault_Handler
                0x08002744        0x8 ./Core/Src/stm32f4xx_it.o
                0x08002744                BusFault_Handler
 .text.UsageFault_Handler
                0x0800274c        0x8 ./Core/Src/stm32f4xx_it.o
                0x0800274c                UsageFault_Handler
 .text.SVC_Handler
                0x08002754        0xe ./Core/Src/stm32f4xx_it.o
                0x08002754                SVC_Handler
 .text.DebugMon_Handler
                0x08002762        0xe ./Core/Src/stm32f4xx_it.o
                0x08002762                DebugMon_Handler
 .text.PendSV_Handler
                0x08002770        0xe ./Core/Src/stm32f4xx_it.o
                0x08002770                PendSV_Handler
 .text.SysTick_Handler
                0x0800277e        0xc ./Core/Src/stm32f4xx_it.o
                0x0800277e                SysTick_Handler
 *fill*         0x0800278a        0x2 
 .text.DMA1_Stream1_IRQHandler
                0x0800278c       0x14 ./Core/Src/stm32f4xx_it.o
                0x0800278c                DMA1_Stream1_IRQHandler
 .text.DMA1_Stream3_IRQHandler
                0x080027a0       0x14 ./Core/Src/stm32f4xx_it.o
                0x080027a0                DMA1_Stream3_IRQHandler
 .text.DMA1_Stream4_IRQHandler
                0x080027b4       0x14 ./Core/Src/stm32f4xx_it.o
                0x080027b4                DMA1_Stream4_IRQHandler
 .text.DMA1_Stream5_IRQHandler
                0x080027c8       0x14 ./Core/Src/stm32f4xx_it.o
                0x080027c8                DMA1_Stream5_IRQHandler
 .text.SystemInit
                0x080027dc       0x24 ./Core/Src/system_stm32f4xx.o
                0x080027dc                SystemInit
 .text.MX_TIM2_Init
                0x08002800       0xc8 ./Core/Src/tim.o
                0x08002800                MX_TIM2_Init
 .text.MX_TIM5_Init
                0x080028c8       0xc8 ./Core/Src/tim.o
                0x080028c8                MX_TIM5_Init
 .text.MX_TIM10_Init
                0x08002990       0x48 ./Core/Src/tim.o
                0x08002990                MX_TIM10_Init
 .text.HAL_TIM_PWM_MspInit
                0x080029d8      0x238 ./Core/Src/tim.o
                0x080029d8                HAL_TIM_PWM_MspInit
 .text.HAL_TIM_Base_MspInit
                0x08002c10       0x44 ./Core/Src/tim.o
                0x08002c10                HAL_TIM_Base_MspInit
 .text.HAL_TIM_MspPostInit
                0x08002c54       0xbc ./Core/Src/tim.o
                0x08002c54                HAL_TIM_MspPostInit
 .text.MX_USART1_UART_Init
                0x08002d10       0x54 ./Core/Src/usart.o
                0x08002d10                MX_USART1_UART_Init
 .text.HAL_UART_MspInit
                0x08002d64       0x90 ./Core/Src/usart.o
                0x08002d64                HAL_UART_MspInit
 .text.Reset_Handler
                0x08002df4       0x50 ./Core/Startup/startup_stm32f401ccux.o
                0x08002df4                Reset_Handler
 .text.Default_Handler
                0x08002e44        0x2 ./Core/Startup/startup_stm32f401ccux.o
                0x08002e44                DMA2_Stream6_IRQHandler
                0x08002e44                EXTI2_IRQHandler
                0x08002e44                SPI4_IRQHandler
                0x08002e44                TIM1_CC_IRQHandler
                0x08002e44                DMA2_Stream5_IRQHandler
                0x08002e44                PVD_IRQHandler
                0x08002e44                SDIO_IRQHandler
                0x08002e44                TAMP_STAMP_IRQHandler
                0x08002e44                EXTI3_IRQHandler
                0x08002e44                TIM1_UP_TIM10_IRQHandler
                0x08002e44                I2C3_ER_IRQHandler
                0x08002e44                EXTI0_IRQHandler
                0x08002e44                I2C2_EV_IRQHandler
                0x08002e44                DMA1_Stream2_IRQHandler
                0x08002e44                FPU_IRQHandler
                0x08002e44                DMA2_Stream2_IRQHandler
                0x08002e44                SPI1_IRQHandler
                0x08002e44                TIM1_BRK_TIM9_IRQHandler
                0x08002e44                DMA2_Stream3_IRQHandler
                0x08002e44                USART6_IRQHandler
                0x08002e44                DMA2_Stream0_IRQHandler
                0x08002e44                TIM4_IRQHandler
                0x08002e44                I2C1_EV_IRQHandler
                0x08002e44                DMA1_Stream6_IRQHandler
                0x08002e44                TIM3_IRQHandler
                0x08002e44                RCC_IRQHandler
                0x08002e44                Default_Handler
                0x08002e44                EXTI15_10_IRQHandler
                0x08002e44                ADC_IRQHandler
                0x08002e44                DMA1_Stream7_IRQHandler
                0x08002e44                TIM5_IRQHandler
                0x08002e44                DMA2_Stream7_IRQHandler
                0x08002e44                I2C3_EV_IRQHandler
                0x08002e44                EXTI9_5_IRQHandler
                0x08002e44                RTC_WKUP_IRQHandler
                0x08002e44                SPI2_IRQHandler
                0x08002e44                DMA1_Stream0_IRQHandler
                0x08002e44                EXTI4_IRQHandler
                0x08002e44                WWDG_IRQHandler
                0x08002e44                TIM2_IRQHandler
                0x08002e44                OTG_FS_WKUP_IRQHandler
                0x08002e44                TIM1_TRG_COM_TIM11_IRQHandler
                0x08002e44                EXTI1_IRQHandler
                0x08002e44                USART2_IRQHandler
                0x08002e44                I2C2_ER_IRQHandler
                0x08002e44                DMA2_Stream1_IRQHandler
                0x08002e44                FLASH_IRQHandler
                0x08002e44                DMA2_Stream4_IRQHandler
                0x08002e44                USART1_IRQHandler
                0x08002e44                OTG_FS_IRQHandler
                0x08002e44                SPI3_IRQHandler
                0x08002e44                I2C1_ER_IRQHandler
                0x08002e44                RTC_Alarm_IRQHandler
 *fill*         0x08002e46        0x2 
 .text.HAL_Init
                0x08002e48       0x44 ./Drivers/STM32F4xx_HAL_Driver/Src/stm32f4xx_hal.o
                0x08002e48                HAL_Init
 .text.HAL_InitTick
                0x08002e8c       0x60 ./Drivers/STM32F4xx_HAL_Driver/Src/stm32f4xx_hal.o
                0x08002e8c                HAL_InitTick
 .text.HAL_IncTick
                0x08002eec       0x28 ./Drivers/STM32F4xx_HAL_Driver/Src/stm32f4xx_hal.o
                0x08002eec                HAL_IncTick
 .text.HAL_GetTick
                0x08002f14       0x18 ./Drivers/STM32F4xx_HAL_Driver/Src/stm32f4xx_hal.o
                0x08002f14                HAL_GetTick
 .text.HAL_Delay
                0x08002f2c       0x48 ./Drivers/STM32F4xx_HAL_Driver/Src/stm32f4xx_hal.o
                0x08002f2c                HAL_Delay
 .text.__NVIC_SetPriorityGrouping
                0x08002f74       0x48 ./Drivers/STM32F4xx_HAL_Driver/Src/stm32f4xx_hal_cortex.o
 .text.__NVIC_GetPriorityGrouping
                0x08002fbc       0x1c ./Drivers/STM32F4xx_HAL_Driver/Src/stm32f4xx_hal_cortex.o
 .text.__NVIC_EnableIRQ
                0x08002fd8       0x3c ./Drivers/STM32F4xx_HAL_Driver/Src/stm32f4xx_hal_cortex.o
 .text.__NVIC_SetPriority
                0x08003014       0x54 ./Drivers/STM32F4xx_HAL_Driver/Src/stm32f4xx_hal_cortex.o
 .text.NVIC_EncodePriority
                0x08003068       0x66 ./Drivers/STM32F4xx_HAL_Driver/Src/stm32f4xx_hal_cortex.o
 *fill*         0x080030ce        0x2 
 .text.SysTick_Config
                0x080030d0       0x44 ./Drivers/STM32F4xx_HAL_Driver/Src/stm32f4xx_hal_cortex.o
 .text.HAL_NVIC_SetPriorityGrouping
                0x08003114       0x16 ./Drivers/STM32F4xx_HAL_Driver/Src/stm32f4xx_hal_cortex.o
                0x08003114                HAL_NVIC_SetPriorityGrouping
 .text.HAL_NVIC_SetPriority
                0x0800312a       0x38 ./Drivers/STM32F4xx_HAL_Driver/Src/stm32f4xx_hal_cortex.o
                0x0800312a                HAL_NVIC_SetPriority
 .text.HAL_NVIC_EnableIRQ
                0x08003162       0x1c ./Drivers/STM32F4xx_HAL_Driver/Src/stm32f4xx_hal_cortex.o
                0x08003162                HAL_NVIC_EnableIRQ
 .text.HAL_SYSTICK_Config
                0x0800317e       0x18 ./Drivers/STM32F4xx_HAL_Driver/Src/stm32f4xx_hal_cortex.o
                0x0800317e                HAL_SYSTICK_Config
 *fill*         0x08003196        0x2 
 .text.HAL_DMA_Init
                0x08003198      0x15c ./Drivers/STM32F4xx_HAL_Driver/Src/stm32f4xx_hal_dma.o
                0x08003198                HAL_DMA_Init
 .text.HAL_DMA_Start_IT
                0x080032f4       0xb0 ./Drivers/STM32F4xx_HAL_Driver/Src/stm32f4xx_hal_dma.o
                0x080032f4                HAL_DMA_Start_IT
 .text.HAL_DMA_IRQHandler
                0x080033a4      0x314 ./Drivers/STM32F4xx_HAL_Driver/Src/stm32f4xx_hal_dma.o
                0x080033a4                HAL_DMA_IRQHandler
 .text.DMA_SetConfig
                0x080036b8       0x5c ./Drivers/STM32F4xx_HAL_Driver/Src/stm32f4xx_hal_dma.o
 .text.DMA_CalcBaseAndBitshift
                0x08003714       0x6c ./Drivers/STM32F4xx_HAL_Driver/Src/stm32f4xx_hal_dma.o
 .text.DMA_CheckFifoParam
                0x08003780       0xf8 ./Drivers/STM32F4xx_HAL_Driver/Src/stm32f4xx_hal_dma.o
 .text.HAL_GPIO_Init
                0x08003878      0x308 ./Drivers/STM32F4xx_HAL_Driver/Src/stm32f4xx_hal_gpio.o
                0x08003878                HAL_GPIO_Init
 .text.HAL_GPIO_WritePin
                0x08003b80       0x32 ./Drivers/STM32F4xx_HAL_Driver/Src/stm32f4xx_hal_gpio.o
                0x08003b80                HAL_GPIO_WritePin
 *fill*         0x08003bb2        0x2 
 .text.HAL_I2C_Init
                0x08003bb4      0x288 ./Drivers/STM32F4xx_HAL_Driver/Src/stm32f4xx_hal_i2c.o
                0x08003bb4                HAL_I2C_Init
 .text.HAL_I2C_Mem_Write
                0x08003e3c      0x1f4 ./Drivers/STM32F4xx_HAL_Driver/Src/stm32f4xx_hal_i2c.o
                0x08003e3c                HAL_I2C_Mem_Write
 .text.HAL_I2C_Mem_Read
                0x08004030      0x464 ./Drivers/STM32F4xx_HAL_Driver/Src/stm32f4xx_hal_i2c.o
                0x08004030                HAL_I2C_Mem_Read
 .text.I2C_RequestMemoryWrite
                0x08004494      0x12c ./Drivers/STM32F4xx_HAL_Driver/Src/stm32f4xx_hal_i2c.o
 .text.I2C_RequestMemoryRead
                0x080045c0      0x1d0 ./Drivers/STM32F4xx_HAL_Driver/Src/stm32f4xx_hal_i2c.o
 .text.I2C_WaitOnFlagUntilTimeout
                0x08004790       0xf4 ./Drivers/STM32F4xx_HAL_Driver/Src/stm32f4xx_hal_i2c.o
 .text.I2C_WaitOnMasterAddressFlagUntilTimeout
                0x08004884      0x140 ./Drivers/STM32F4xx_HAL_Driver/Src/stm32f4xx_hal_i2c.o
 .text.I2C_WaitOnTXEFlagUntilTimeout
                0x080049c4       0x90 ./Drivers/STM32F4xx_HAL_Driver/Src/stm32f4xx_hal_i2c.o
 .text.I2C_WaitOnBTFFlagUntilTimeout
                0x08004a54       0x90 ./Drivers/STM32F4xx_HAL_Driver/Src/stm32f4xx_hal_i2c.o
 .text.I2C_WaitOnRXNEFlagUntilTimeout
                0x08004ae4       0xba ./Drivers/STM32F4xx_HAL_Driver/Src/stm32f4xx_hal_i2c.o
 .text.I2C_IsAcknowledgeFailed
                0x08004b9e       0x5e ./Drivers/STM32F4xx_HAL_Driver/Src/stm32f4xx_hal_i2c.o
 .text.HAL_RCC_OscConfig
                0x08004bfc      0x4f0 ./Drivers/STM32F4xx_HAL_Driver/Src/stm32f4xx_hal_rcc.o
                0x08004bfc                HAL_RCC_OscConfig
 .text.HAL_RCC_ClockConfig
                0x080050ec      0x1cc ./Drivers/STM32F4xx_HAL_Driver/Src/stm32f4xx_hal_rcc.o
                0x080050ec                HAL_RCC_ClockConfig
 .text.HAL_RCC_GetSysClockFreq
                0x080052b8      0x18c ./Drivers/STM32F4xx_HAL_Driver/Src/stm32f4xx_hal_rcc.o
                0x080052b8                HAL_RCC_GetSysClockFreq
 .text.HAL_RCC_GetHCLKFreq
                0x08005444       0x18 ./Drivers/STM32F4xx_HAL_Driver/Src/stm32f4xx_hal_rcc.o
                0x08005444                HAL_RCC_GetHCLKFreq
 .text.HAL_RCC_GetPCLK1Freq
                0x0800545c       0x28 ./Drivers/STM32F4xx_HAL_Driver/Src/stm32f4xx_hal_rcc.o
                0x0800545c                HAL_RCC_GetPCLK1Freq
 .text.HAL_RCC_GetPCLK2Freq
                0x08005484       0x28 ./Drivers/STM32F4xx_HAL_Driver/Src/stm32f4xx_hal_rcc.o
                0x08005484                HAL_RCC_GetPCLK2Freq
 .text.HAL_TIM_Base_Init
                0x080054ac       0x9e ./Drivers/STM32F4xx_HAL_Driver/Src/stm32f4xx_hal_tim.o
                0x080054ac                HAL_TIM_Base_Init
 .text.HAL_TIM_PWM_Init
                0x0800554a       0x9e ./Drivers/STM32F4xx_HAL_Driver/Src/stm32f4xx_hal_tim.o
                0x0800554a                HAL_TIM_PWM_Init
 .text.HAL_TIM_PWM_Start
                0x080055e8      0x160 ./Drivers/STM32F4xx_HAL_Driver/Src/stm32f4xx_hal_tim.o
                0x080055e8                HAL_TIM_PWM_Start
 .text.HAL_TIM_PWM_ConfigChannel
                0x08005748      0x184 ./Drivers/STM32F4xx_HAL_Driver/Src/stm32f4xx_hal_tim.o
                0x08005748                HAL_TIM_PWM_ConfigChannel
 .text.TIM_Base_SetConfig
                0x080058cc      0x118 ./Drivers/STM32F4xx_HAL_Driver/Src/stm32f4xx_hal_tim.o
                0x080058cc                TIM_Base_SetConfig
 .text.TIM_OC1_SetConfig
                0x080059e4       0xcc ./Drivers/STM32F4xx_HAL_Driver/Src/stm32f4xx_hal_tim.o
 .text.TIM_OC2_SetConfig
                0x08005ab0       0xd8 ./Drivers/STM32F4xx_HAL_Driver/Src/stm32f4xx_hal_tim.o
                0x08005ab0                TIM_OC2_SetConfig
 .text.TIM_OC3_SetConfig
                0x08005b88       0xd4 ./Drivers/STM32F4xx_HAL_Driver/Src/stm32f4xx_hal_tim.o
 .text.TIM_OC4_SetConfig
                0x08005c5c       0xa0 ./Drivers/STM32F4xx_HAL_Driver/Src/stm32f4xx_hal_tim.o
 .text.TIM_CCxChannelCmd
                0x08005cfc       0x4a ./Drivers/STM32F4xx_HAL_Driver/Src/stm32f4xx_hal_tim.o
                0x08005cfc                TIM_CCxChannelCmd
 *fill*         0x08005d46        0x2 
 .text.HAL_TIMEx_MasterConfigSynchronization
                0x08005d48       0xdc ./Drivers/STM32F4xx_HAL_Driver/Src/stm32f4xx_hal_tim_ex.o
                0x08005d48                HAL_TIMEx_MasterConfigSynchronization
 .text.HAL_UART_Init
                0x08005e24       0xa0 ./Drivers/STM32F4xx_HAL_Driver/Src/stm32f4xx_hal_uart.o
                0x08005e24                HAL_UART_Init
 .text.HAL_UART_Receive
                0x08005ec4      0x12e ./Drivers/STM32F4xx_HAL_Driver/Src/stm32f4xx_hal_uart.o
                0x08005ec4                HAL_UART_Receive
 .text.UART_WaitOnFlagUntilTimeout
                0x08005ff2       0xb2 ./Drivers/STM32F4xx_HAL_Driver/Src/stm32f4xx_hal_uart.o
 .text.UART_EndRxTransfer
                0x080060a4       0xc6 ./Drivers/STM32F4xx_HAL_Driver/Src/stm32f4xx_hal_uart.o
 *fill*         0x0800616a        0x2 
 .text.UART_SetConfig
                0x0800616c      0x4e8 ./Drivers/STM32F4xx_HAL_Driver/Src/stm32f4xx_hal_uart.o
 .text.memset   0x08006654       0x10 /Applications/STM32CubeIDE.app/Contents/Eclipse/plugins/com.st.stm32cube.ide.mcu.externaltools.gnu-tools-for-stm32.12.3.rel1.macos64_1.0.100.202403111906/tools/bin/../lib/gcc/arm-none-eabi/12.3.1/../../../../arm-none-eabi/lib/thumb/v7e-m+fp/hard/libc_nano.a(libc_a-memset.o)
                0x08006654                memset
 .text.__libc_init_array
                0x08006664       0x48 /Applications/STM32CubeIDE.app/Contents/Eclipse/plugins/com.st.stm32cube.ide.mcu.externaltools.gnu-tools-for-stm32.12.3.rel1.macos64_1.0.100.202403111906/tools/bin/../lib/gcc/arm-none-eabi/12.3.1/../../../../arm-none-eabi/lib/thumb/v7e-m+fp/hard/libc_nano.a(libc_a-init.o)
                0x08006664                __libc_init_array
 .text.lrintf   0x080066ac       0x80 /Applications/STM32CubeIDE.app/Contents/Eclipse/plugins/com.st.stm32cube.ide.mcu.externaltools.gnu-tools-for-stm32.12.3.rel1.macos64_1.0.100.202403111906/tools/bin/../lib/gcc/arm-none-eabi/12.3.1/../../../../arm-none-eabi/lib/thumb/v7e-m+fp/hard/libm.a(libm_a-sf_lrint.o)
                0x080066ac                lrintf
 *(.glue_7)
 .glue_7        0x0800672c        0x0 linker stubs
 *(.glue_7t)
 .glue_7t       0x0800672c        0x0 linker stubs
 *(.eh_frame)
 .eh_frame      0x0800672c        0x0 /Applications/STM32CubeIDE.app/Contents/Eclipse/plugins/com.st.stm32cube.ide.mcu.externaltools.gnu-tools-for-stm32.12.3.rel1.macos64_1.0.100.202403111906/tools/bin/../lib/gcc/arm-none-eabi/12.3.1/thumb/v7e-m+fp/hard/crtbegin.o
 *(.init)
 .init          0x0800672c        0x4 /Applications/STM32CubeIDE.app/Contents/Eclipse/plugins/com.st.stm32cube.ide.mcu.externaltools.gnu-tools-for-stm32.12.3.rel1.macos64_1.0.100.202403111906/tools/bin/../lib/gcc/arm-none-eabi/12.3.1/thumb/v7e-m+fp/hard/crti.o
                0x0800672c                _init
 .init          0x08006730        0x8 /Applications/STM32CubeIDE.app/Contents/Eclipse/plugins/com.st.stm32cube.ide.mcu.externaltools.gnu-tools-for-stm32.12.3.rel1.macos64_1.0.100.202403111906/tools/bin/../lib/gcc/arm-none-eabi/12.3.1/thumb/v7e-m+fp/hard/crtn.o
 *(.fini)
 .fini          0x08006738        0x4 /Applications/STM32CubeIDE.app/Contents/Eclipse/plugins/com.st.stm32cube.ide.mcu.externaltools.gnu-tools-for-stm32.12.3.rel1.macos64_1.0.100.202403111906/tools/bin/../lib/gcc/arm-none-eabi/12.3.1/thumb/v7e-m+fp/hard/crti.o
                0x08006738                _fini
 .fini          0x0800673c        0x8 /Applications/STM32CubeIDE.app/Contents/Eclipse/plugins/com.st.stm32cube.ide.mcu.externaltools.gnu-tools-for-stm32.12.3.rel1.macos64_1.0.100.202403111906/tools/bin/../lib/gcc/arm-none-eabi/12.3.1/thumb/v7e-m+fp/hard/crtn.o
                0x08006744                        . = ALIGN (0x4)
                0x08006744                        _etext = .

.vfp11_veneer   0x08006744        0x0
 .vfp11_veneer  0x08006744        0x0 linker stubs

.v4_bx          0x08006744        0x0
 .v4_bx         0x08006744        0x0 linker stubs

.iplt           0x08006744        0x0
 .iplt          0x08006744        0x0 /Applications/STM32CubeIDE.app/Contents/Eclipse/plugins/com.st.stm32cube.ide.mcu.externaltools.gnu-tools-for-stm32.12.3.rel1.macos64_1.0.100.202403111906/tools/bin/../lib/gcc/arm-none-eabi/12.3.1/thumb/v7e-m+fp/hard/crtbegin.o

.rodata         0x08006744       0x28
                0x08006744                        . = ALIGN (0x4)
 *(.rodata)
 *(.rodata*)
 .rodata.AHBPrescTable
                0x08006744       0x10 ./Core/Src/system_stm32f4xx.o
                0x08006744                AHBPrescTable
 .rodata.APBPrescTable
                0x08006754        0x8 ./Core/Src/system_stm32f4xx.o
                0x08006754                APBPrescTable
 .rodata.flagBitshiftOffset.0
                0x0800675c        0x8 ./Drivers/STM32F4xx_HAL_Driver/Src/stm32f4xx_hal_dma.o
 .rodata.TWO23  0x08006764        0x8 /Applications/STM32CubeIDE.app/Contents/Eclipse/plugins/com.st.stm32cube.ide.mcu.externaltools.gnu-tools-for-stm32.12.3.rel1.macos64_1.0.100.202403111906/tools/bin/../lib/gcc/arm-none-eabi/12.3.1/../../../../arm-none-eabi/lib/thumb/v7e-m+fp/hard/libm.a(libm_a-sf_lrint.o)
                0x0800676c                        . = ALIGN (0x4)

.ARM.extab      0x0800676c        0x0
                0x0800676c                        . = ALIGN (0x4)
 *(.ARM.extab* .gnu.linkonce.armextab.*)
                0x0800676c                        . = ALIGN (0x4)

.ARM            0x0800676c        0x8
                0x0800676c                        . = ALIGN (0x4)
                0x0800676c                        __exidx_start = .
 *(.ARM.exidx*)
 .ARM.exidx     0x0800676c        0x8 /Applications/STM32CubeIDE.app/Contents/Eclipse/plugins/com.st.stm32cube.ide.mcu.externaltools.gnu-tools-for-stm32.12.3.rel1.macos64_1.0.100.202403111906/tools/bin/../lib/gcc/arm-none-eabi/12.3.1/thumb/v7e-m+fp/hard/libgcc.a(_udivmoddi4.o)
                0x08006774                        __exidx_end = .
                0x08006774                        . = ALIGN (0x4)

.preinit_array  0x08006774        0x0
                0x08006774                        . = ALIGN (0x4)
                0x08006774                        PROVIDE (__preinit_array_start = .)
 *(.preinit_array*)
                0x08006774                        PROVIDE (__preinit_array_end = .)
                0x08006774                        . = ALIGN (0x4)

.init_array     0x08006774        0x4
                0x08006774                        . = ALIGN (0x4)
                0x08006774                        PROVIDE (__init_array_start = .)
 *(SORT_BY_NAME(.init_array.*))
 *(.init_array*)
 .init_array    0x08006774        0x4 /Applications/STM32CubeIDE.app/Contents/Eclipse/plugins/com.st.stm32cube.ide.mcu.externaltools.gnu-tools-for-stm32.12.3.rel1.macos64_1.0.100.202403111906/tools/bin/../lib/gcc/arm-none-eabi/12.3.1/thumb/v7e-m+fp/hard/crtbegin.o
                0x08006778                        PROVIDE (__init_array_end = .)
                0x08006778                        . = ALIGN (0x4)

.fini_array     0x08006778        0x4
                0x08006778                        . = ALIGN (0x4)
                [!provide]                        PROVIDE (__fini_array_start = .)
 *(SORT_BY_NAME(.fini_array.*))
 *(.fini_array*)
 .fini_array    0x08006778        0x4 /Applications/STM32CubeIDE.app/Contents/Eclipse/plugins/com.st.stm32cube.ide.mcu.externaltools.gnu-tools-for-stm32.12.3.rel1.macos64_1.0.100.202403111906/tools/bin/../lib/gcc/arm-none-eabi/12.3.1/thumb/v7e-m+fp/hard/crtbegin.o
                [!provide]                        PROVIDE (__fini_array_end = .)
                0x0800677c                        . = ALIGN (0x4)
                0x0800677c                        _sidata = LOADADDR (.data)

.rel.dyn        0x0800677c        0x0
 .rel.iplt      0x0800677c        0x0 /Applications/STM32CubeIDE.app/Contents/Eclipse/plugins/com.st.stm32cube.ide.mcu.externaltools.gnu-tools-for-stm32.12.3.rel1.macos64_1.0.100.202403111906/tools/bin/../lib/gcc/arm-none-eabi/12.3.1/thumb/v7e-m+fp/hard/crtbegin.o

.data           0x20000000       0x34 load address 0x0800677c
                0x20000000                        . = ALIGN (0x4)
                0x20000000                        _sdata = .
 *(.data)
 *(.data*)
 .data.drone_mpu
                0x20000000        0x8 ./Core/Src/main.o
 .data.max_rate_roll
                0x20000008        0x4 ./Core/Src/main.o
                0x20000008                max_rate_roll
 .data.max_rate_pitch
                0x2000000c        0x4 ./Core/Src/main.o
                0x2000000c                max_rate_pitch
 .data.max_rate_yaw
                0x20000010        0x4 ./Core/Src/main.o
                0x20000010                max_rate_yaw
 .data.target_cycle_hz
                0x20000014        0x4 ./Core/Src/main.o
                0x20000014                target_cycle_hz
 .data.throttle_idle
                0x20000018        0x8 ./Core/Src/main.o
                0x20000018                throttle_idle
 .data.throttle_govenor
                0x20000020        0x8 ./Core/Src/main.o
                0x20000020                throttle_govenor
 .data.SystemCoreClock
                0x20000028        0x4 ./Core/Src/system_stm32f4xx.o
                0x20000028                SystemCoreClock
 .data.uwTickPrio
                0x2000002c        0x4 ./Drivers/STM32F4xx_HAL_Driver/Src/stm32f4xx_hal.o
                0x2000002c                uwTickPrio
 .data.uwTickFreq
                0x20000030        0x1 ./Drivers/STM32F4xx_HAL_Driver/Src/stm32f4xx_hal.o
                0x20000030                uwTickFreq
 *(.RamFunc)
 *(.RamFunc*)
                0x20000034                        . = ALIGN (0x4)
 *fill*         0x20000031        0x3 
                0x20000034                        _edata = .

.igot.plt       0x20000034        0x0 load address 0x080067b0
 .igot.plt      0x20000034        0x0 /Applications/STM32CubeIDE.app/Contents/Eclipse/plugins/com.st.stm32cube.ide.mcu.externaltools.gnu-tools-for-stm32.12.3.rel1.macos64_1.0.100.202403111906/tools/bin/../lib/gcc/arm-none-eabi/12.3.1/thumb/v7e-m+fp/hard/crtbegin.o
                0x20000034                        . = ALIGN (0x4)

.bss            0x20000038      0x504 load address 0x080067b0
                0x20000038                        _sbss = .
                0x20000038                        __bss_start__ = _sbss
 *(.bss)
 .bss           0x20000038       0x1c /Applications/STM32CubeIDE.app/Contents/Eclipse/plugins/com.st.stm32cube.ide.mcu.externaltools.gnu-tools-for-stm32.12.3.rel1.macos64_1.0.100.202403111906/tools/bin/../lib/gcc/arm-none-eabi/12.3.1/thumb/v7e-m+fp/hard/crtbegin.o
 *(.bss*)
 .bss.motor1_dmabuffer
                0x20000054       0x48 ./Core/Src/dshot.o
 .bss.motor2_dmabuffer
                0x2000009c       0x48 ./Core/Src/dshot.o
 .bss.motor3_dmabuffer
                0x200000e4       0x48 ./Core/Src/dshot.o
 .bss.motor4_dmabuffer
                0x2000012c       0x48 ./Core/Src/dshot.o
 .bss.hi2c1     0x20000174       0x54 ./Core/Src/i2c.o
                0x20000174                hi2c1
 .bss.Accel_X_RAW
                0x200001c8        0x2 ./Core/Src/imu.o
                0x200001c8                Accel_X_RAW
 .bss.Accel_Y_RAW
                0x200001ca        0x2 ./Core/Src/imu.o
                0x200001ca                Accel_Y_RAW
 .bss.Accel_Z_RAW
                0x200001cc        0x2 ./Core/Src/imu.o
                0x200001cc                Accel_Z_RAW
 .bss.Gyro_X_RAW
                0x200001ce        0x2 ./Core/Src/imu.o
                0x200001ce                Gyro_X_RAW
 .bss.Gyro_Y_RAW
                0x200001d0        0x2 ./Core/Src/imu.o
                0x200001d0                Gyro_Y_RAW
 .bss.Gyro_Z_RAW
                0x200001d2        0x2 ./Core/Src/imu.o
                0x200001d2                Gyro_Z_RAW
 .bss.iBus_rx_buffer
                0x200001d4       0x20 ./Core/Src/main.o
 *fill*         0x200001f4        0x4 
 .bss.ibus_rx_struct
                0x200001f8       0x60 ./Core/Src/main.o
 .bss.wakeup    0x20000258        0x1 ./Core/Src/main.o
 *fill*         0x20000259        0x3 
 .bss.drone_gyro
                0x2000025c       0x18 ./Core/Src/main.o
 .bss.drone_accel
                0x20000274       0x18 ./Core/Src/main.o
 .bss.tries     0x2000028c        0x1 ./Core/Src/main.o
 *fill*         0x2000028d        0x3 
 .bss.motor_values
                0x20000290        0x8 ./Core/Src/main.o
 .bss.htim2     0x20000298       0x48 ./Core/Src/tim.o
                0x20000298                htim2
 .bss.htim5     0x200002e0       0x48 ./Core/Src/tim.o
                0x200002e0                htim5
 .bss.htim10    0x20000328       0x48 ./Core/Src/tim.o
                0x20000328                htim10
 .bss.hdma_tim2_ch1
                0x20000370       0x60 ./Core/Src/tim.o
                0x20000370                hdma_tim2_ch1
 .bss.hdma_tim2_ch3_up
                0x200003d0       0x60 ./Core/Src/tim.o
                0x200003d0                hdma_tim2_ch3_up
 .bss.hdma_tim5_ch2
                0x20000430       0x60 ./Core/Src/tim.o
                0x20000430                hdma_tim5_ch2
 .bss.hdma_tim5_ch4_trig
                0x20000490       0x60 ./Core/Src/tim.o
                0x20000490                hdma_tim5_ch4_trig
 .bss.huart1    0x200004f0       0x48 ./Core/Src/usart.o
                0x200004f0                huart1
 .bss.uwTick    0x20000538        0x4 ./Drivers/STM32F4xx_HAL_Driver/Src/stm32f4xx_hal.o
                0x20000538                uwTick
 *(COMMON)
                0x2000053c                        . = ALIGN (0x4)
                0x2000053c                        _ebss = .
                0x2000053c                        __bss_end__ = _ebss

._user_heap_stack
                0x2000053c      0x604 load address 0x080067b0
                0x20000540                        . = ALIGN (0x8)
 *fill*         0x2000053c        0x4 
                [!provide]                        PROVIDE (end = .)
                0x20000540                        PROVIDE (_end = .)
                0x20000740                        . = (. + _Min_Heap_Size)
 *fill*         0x20000540      0x200 
                0x20000b40                        . = (. + _Min_Stack_Size)
 *fill*         0x20000740      0x400 
                0x20000b40                        . = ALIGN (0x8)

/DISCARD/
 libc.a(*)
 libm.a(*)
 libgcc.a(*)

.ARM.attributes
                0x00000000       0x30
 *(.ARM.attributes)
 .ARM.attributes
                0x00000000       0x22 /Applications/STM32CubeIDE.app/Contents/Eclipse/plugins/com.st.stm32cube.ide.mcu.externaltools.gnu-tools-for-stm32.12.3.rel1.macos64_1.0.100.202403111906/tools/bin/../lib/gcc/arm-none-eabi/12.3.1/thumb/v7e-m+fp/hard/crti.o
 .ARM.attributes
                0x00000022       0x34 /Applications/STM32CubeIDE.app/Contents/Eclipse/plugins/com.st.stm32cube.ide.mcu.externaltools.gnu-tools-for-stm32.12.3.rel1.macos64_1.0.100.202403111906/tools/bin/../lib/gcc/arm-none-eabi/12.3.1/thumb/v7e-m+fp/hard/crtbegin.o
 .ARM.attributes
                0x00000056       0x34 ./Core/Src/PID_Control.o
 .ARM.attributes
                0x0000008a       0x34 ./Core/Src/dma.o
 .ARM.attributes
                0x000000be       0x34 ./Core/Src/dshot.o
 .ARM.attributes
                0x000000f2       0x34 ./Core/Src/gpio.o
 .ARM.attributes
                0x00000126       0x34 ./Core/Src/i2c.o
 .ARM.attributes
                0x0000015a       0x34 ./Core/Src/ibus.o
 .ARM.attributes
                0x0000018e       0x34 ./Core/Src/imu.o
 .ARM.attributes
                0x000001c2       0x34 ./Core/Src/main.o
 .ARM.attributes
                0x000001f6       0x34 ./Core/Src/stm32f4xx_hal_msp.o
 .ARM.attributes
                0x0000022a       0x34 ./Core/Src/stm32f4xx_it.o
 .ARM.attributes
                0x0000025e       0x34 ./Core/Src/system_stm32f4xx.o
 .ARM.attributes
                0x00000292       0x34 ./Core/Src/tim.o
 .ARM.attributes
                0x000002c6       0x34 ./Core/Src/usart.o
 .ARM.attributes
                0x000002fa       0x21 ./Core/Startup/startup_stm32f401ccux.o
 .ARM.attributes
                0x0000031b       0x34 ./Drivers/STM32F4xx_HAL_Driver/Src/stm32f4xx_hal.o
 .ARM.attributes
                0x0000034f       0x34 ./Drivers/STM32F4xx_HAL_Driver/Src/stm32f4xx_hal_cortex.o
 .ARM.attributes
                0x00000383       0x34 ./Drivers/STM32F4xx_HAL_Driver/Src/stm32f4xx_hal_dma.o
 .ARM.attributes
                0x000003b7       0x34 ./Drivers/STM32F4xx_HAL_Driver/Src/stm32f4xx_hal_gpio.o
 .ARM.attributes
                0x000003eb       0x34 ./Drivers/STM32F4xx_HAL_Driver/Src/stm32f4xx_hal_i2c.o
 .ARM.attributes
                0x0000041f       0x34 ./Drivers/STM32F4xx_HAL_Driver/Src/stm32f4xx_hal_rcc.o
 .ARM.attributes
                0x00000453       0x34 ./Drivers/STM32F4xx_HAL_Driver/Src/stm32f4xx_hal_tim.o
 .ARM.attributes
                0x00000487       0x34 ./Drivers/STM32F4xx_HAL_Driver/Src/stm32f4xx_hal_tim_ex.o
 .ARM.attributes
                0x000004bb       0x34 ./Drivers/STM32F4xx_HAL_Driver/Src/stm32f4xx_hal_uart.o
 .ARM.attributes
                0x000004ef       0x34 /Applications/STM32CubeIDE.app/Contents/Eclipse/plugins/com.st.stm32cube.ide.mcu.externaltools.gnu-tools-for-stm32.12.3.rel1.macos64_1.0.100.202403111906/tools/bin/../lib/gcc/arm-none-eabi/12.3.1/../../../../arm-none-eabi/lib/thumb/v7e-m+fp/hard/libc_nano.a(libc_a-memset.o)
 .ARM.attributes
                0x00000523       0x34 /Applications/STM32CubeIDE.app/Contents/Eclipse/plugins/com.st.stm32cube.ide.mcu.externaltools.gnu-tools-for-stm32.12.3.rel1.macos64_1.0.100.202403111906/tools/bin/../lib/gcc/arm-none-eabi/12.3.1/../../../../arm-none-eabi/lib/thumb/v7e-m+fp/hard/libc_nano.a(libc_a-init.o)
 .ARM.attributes
                0x00000557       0x34 /Applications/STM32CubeIDE.app/Contents/Eclipse/plugins/com.st.stm32cube.ide.mcu.externaltools.gnu-tools-for-stm32.12.3.rel1.macos64_1.0.100.202403111906/tools/bin/../lib/gcc/arm-none-eabi/12.3.1/../../../../arm-none-eabi/lib/thumb/v7e-m+fp/hard/libm.a(libm_a-sf_lrint.o)
 .ARM.attributes
                0x0000058b       0x22 /Applications/STM32CubeIDE.app/Contents/Eclipse/plugins/com.st.stm32cube.ide.mcu.externaltools.gnu-tools-for-stm32.12.3.rel1.macos64_1.0.100.202403111906/tools/bin/../lib/gcc/arm-none-eabi/12.3.1/thumb/v7e-m+fp/hard/libgcc.a(_arm_addsubdf3.o)
 .ARM.attributes
                0x000005ad       0x22 /Applications/STM32CubeIDE.app/Contents/Eclipse/plugins/com.st.stm32cube.ide.mcu.externaltools.gnu-tools-for-stm32.12.3.rel1.macos64_1.0.100.202403111906/tools/bin/../lib/gcc/arm-none-eabi/12.3.1/thumb/v7e-m+fp/hard/libgcc.a(_arm_muldivdf3.o)
 .ARM.attributes
                0x000005cf       0x22 /Applications/STM32CubeIDE.app/Contents/Eclipse/plugins/com.st.stm32cube.ide.mcu.externaltools.gnu-tools-for-stm32.12.3.rel1.macos64_1.0.100.202403111906/tools/bin/../lib/gcc/arm-none-eabi/12.3.1/thumb/v7e-m+fp/hard/libgcc.a(_arm_cmpdf2.o)
 .ARM.attributes
                0x000005f1       0x22 /Applications/STM32CubeIDE.app/Contents/Eclipse/plugins/com.st.stm32cube.ide.mcu.externaltools.gnu-tools-for-stm32.12.3.rel1.macos64_1.0.100.202403111906/tools/bin/../lib/gcc/arm-none-eabi/12.3.1/thumb/v7e-m+fp/hard/libgcc.a(_arm_truncdfsf2.o)
 .ARM.attributes
                0x00000613       0x22 /Applications/STM32CubeIDE.app/Contents/Eclipse/plugins/com.st.stm32cube.ide.mcu.externaltools.gnu-tools-for-stm32.12.3.rel1.macos64_1.0.100.202403111906/tools/bin/../lib/gcc/arm-none-eabi/12.3.1/thumb/v7e-m+fp/hard/libgcc.a(_aeabi_uldivmod.o)
 .ARM.attributes
                0x00000635       0x34 /Applications/STM32CubeIDE.app/Contents/Eclipse/plugins/com.st.stm32cube.ide.mcu.externaltools.gnu-tools-for-stm32.12.3.rel1.macos64_1.0.100.202403111906/tools/bin/../lib/gcc/arm-none-eabi/12.3.1/thumb/v7e-m+fp/hard/libgcc.a(_udivmoddi4.o)
 .ARM.attributes
                0x00000669       0x22 /Applications/STM32CubeIDE.app/Contents/Eclipse/plugins/com.st.stm32cube.ide.mcu.externaltools.gnu-tools-for-stm32.12.3.rel1.macos64_1.0.100.202403111906/tools/bin/../lib/gcc/arm-none-eabi/12.3.1/thumb/v7e-m+fp/hard/libgcc.a(_dvmd_tls.o)
 .ARM.attributes
                0x0000068b       0x22 /Applications/STM32CubeIDE.app/Contents/Eclipse/plugins/com.st.stm32cube.ide.mcu.externaltools.gnu-tools-for-stm32.12.3.rel1.macos64_1.0.100.202403111906/tools/bin/../lib/gcc/arm-none-eabi/12.3.1/thumb/v7e-m+fp/hard/crtn.o
OUTPUT(TakeFlight_FC.elf elf32-littlearm)
LOAD linker stubs
LOAD /Applications/STM32CubeIDE.app/Contents/Eclipse/plugins/com.st.stm32cube.ide.mcu.externaltools.gnu-tools-for-stm32.12.3.rel1.macos64_1.0.100.202403111906/tools/bin/../lib/gcc/arm-none-eabi/12.3.1/../../../../arm-none-eabi/lib/thumb/v7e-m+fp/hard/libc.a
LOAD /Applications/STM32CubeIDE.app/Contents/Eclipse/plugins/com.st.stm32cube.ide.mcu.externaltools.gnu-tools-for-stm32.12.3.rel1.macos64_1.0.100.202403111906/tools/bin/../lib/gcc/arm-none-eabi/12.3.1/../../../../arm-none-eabi/lib/thumb/v7e-m+fp/hard/libm.a
LOAD /Applications/STM32CubeIDE.app/Contents/Eclipse/plugins/com.st.stm32cube.ide.mcu.externaltools.gnu-tools-for-stm32.12.3.rel1.macos64_1.0.100.202403111906/tools/bin/../lib/gcc/arm-none-eabi/12.3.1/thumb/v7e-m+fp/hard/libgcc.a

.debug_info     0x00000000    0x12248
 .debug_info    0x00000000      0x1de ./Core/Src/PID_Control.o
 .debug_info    0x000001de      0x43f ./Core/Src/dma.o
 .debug_info    0x0000061d      0x9db ./Core/Src/dshot.o
 .debug_info    0x00000ff8      0x417 ./Core/Src/gpio.o
 .debug_info    0x0000140f      0x9a5 ./Core/Src/i2c.o
 .debug_info    0x00001db4      0x278 ./Core/Src/ibus.o
 .debug_info    0x0000202c      0xa5c ./Core/Src/imu.o
 .debug_info    0x00002a88     0x14f3 ./Core/Src/main.o
 .debug_info    0x00003f7b      0x291 ./Core/Src/stm32f4xx_hal_msp.o
 .debug_info    0x0000420c      0x40b ./Core/Src/stm32f4xx_it.o
 .debug_info    0x00004617      0x53e ./Core/Src/system_stm32f4xx.o
 .debug_info    0x00004b55      0xd0e ./Core/Src/tim.o
 .debug_info    0x00005863      0x94e ./Core/Src/usart.o
 .debug_info    0x000061b1       0x30 ./Core/Startup/startup_stm32f401ccux.o
 .debug_info    0x000061e1      0x8bb ./Drivers/STM32F4xx_HAL_Driver/Src/stm32f4xx_hal.o
 .debug_info    0x00006a9c      0xcf6 ./Drivers/STM32F4xx_HAL_Driver/Src/stm32f4xx_hal_cortex.o
 .debug_info    0x00007792      0x8e6 ./Drivers/STM32F4xx_HAL_Driver/Src/stm32f4xx_hal_dma.o
 .debug_info    0x00008078      0x6f9 ./Drivers/STM32F4xx_HAL_Driver/Src/stm32f4xx_hal_gpio.o
 .debug_info    0x00008771     0x2426 ./Drivers/STM32F4xx_HAL_Driver/Src/stm32f4xx_hal_i2c.o
 .debug_info    0x0000ab97      0x8f1 ./Drivers/STM32F4xx_HAL_Driver/Src/stm32f4xx_hal_rcc.o
 .debug_info    0x0000b488     0x2996 ./Drivers/STM32F4xx_HAL_Driver/Src/stm32f4xx_hal_tim.o
 .debug_info    0x0000de1e     0x14d4 ./Drivers/STM32F4xx_HAL_Driver/Src/stm32f4xx_hal_tim_ex.o
 .debug_info    0x0000f2f2     0x2f56 ./Drivers/STM32F4xx_HAL_Driver/Src/stm32f4xx_hal_uart.o

.debug_abbrev   0x00000000     0x2ce6
 .debug_abbrev  0x00000000      0x101 ./Core/Src/PID_Control.o
 .debug_abbrev  0x00000101      0x10e ./Core/Src/dma.o
 .debug_abbrev  0x0000020f      0x274 ./Core/Src/dshot.o
 .debug_abbrev  0x00000483      0x151 ./Core/Src/gpio.o
 .debug_abbrev  0x000005d4      0x1f0 ./Core/Src/i2c.o
 .debug_abbrev  0x000007c4      0x127 ./Core/Src/ibus.o
 .debug_abbrev  0x000008eb      0x247 ./Core/Src/imu.o
 .debug_abbrev  0x00000b32      0x2ca ./Core/Src/main.o
 .debug_abbrev  0x00000dfc       0xd8 ./Core/Src/stm32f4xx_hal_msp.o
 .debug_abbrev  0x00000ed4      0x13a ./Core/Src/stm32f4xx_it.o
 .debug_abbrev  0x0000100e      0x11a ./Core/Src/system_stm32f4xx.o
 .debug_abbrev  0x00001128      0x298 ./Core/Src/tim.o
 .debug_abbrev  0x000013c0      0x1f8 ./Core/Src/usart.o
 .debug_abbrev  0x000015b8       0x24 ./Core/Startup/startup_stm32f401ccux.o
 .debug_abbrev  0x000015dc      0x24b ./Drivers/STM32F4xx_HAL_Driver/Src/stm32f4xx_hal.o
 .debug_abbrev  0x00001827      0x31d ./Drivers/STM32F4xx_HAL_Driver/Src/stm32f4xx_hal_cortex.o
 .debug_abbrev  0x00001b44      0x221 ./Drivers/STM32F4xx_HAL_Driver/Src/stm32f4xx_hal_dma.o
 .debug_abbrev  0x00001d65      0x1d3 ./Drivers/STM32F4xx_HAL_Driver/Src/stm32f4xx_hal_gpio.o
 .debug_abbrev  0x00001f38      0x2bc ./Drivers/STM32F4xx_HAL_Driver/Src/stm32f4xx_hal_i2c.o
 .debug_abbrev  0x000021f4      0x2b6 ./Drivers/STM32F4xx_HAL_Driver/Src/stm32f4xx_hal_rcc.o
 .debug_abbrev  0x000024aa      0x28b ./Drivers/STM32F4xx_HAL_Driver/Src/stm32f4xx_hal_tim.o
 .debug_abbrev  0x00002735      0x296 ./Drivers/STM32F4xx_HAL_Driver/Src/stm32f4xx_hal_tim_ex.o
 .debug_abbrev  0x000029cb      0x31b ./Drivers/STM32F4xx_HAL_Driver/Src/stm32f4xx_hal_uart.o

.debug_aranges  0x00000000     0x10b8
 .debug_aranges
                0x00000000       0x30 ./Core/Src/PID_Control.o
 .debug_aranges
                0x00000030       0x20 ./Core/Src/dma.o
 .debug_aranges
                0x00000050       0x80 ./Core/Src/dshot.o
 .debug_aranges
                0x000000d0       0x20 ./Core/Src/gpio.o
 .debug_aranges
                0x000000f0       0x30 ./Core/Src/i2c.o
 .debug_aranges
                0x00000120       0x30 ./Core/Src/ibus.o
 .debug_aranges
                0x00000150       0x48 ./Core/Src/imu.o
 .debug_aranges
                0x00000198       0x30 ./Core/Src/main.o
 .debug_aranges
                0x000001c8       0x20 ./Core/Src/stm32f4xx_hal_msp.o
 .debug_aranges
                0x000001e8       0x80 ./Core/Src/stm32f4xx_it.o
 .debug_aranges
                0x00000268       0x28 ./Core/Src/system_stm32f4xx.o
 .debug_aranges
                0x00000290       0x58 ./Core/Src/tim.o
 .debug_aranges
                0x000002e8       0x30 ./Core/Src/usart.o
 .debug_aranges
                0x00000318       0x28 ./Core/Startup/startup_stm32f401ccux.o
 .debug_aranges
                0x00000340       0xf0 ./Drivers/STM32F4xx_HAL_Driver/Src/stm32f4xx_hal.o
 .debug_aranges
                0x00000430      0x130 ./Drivers/STM32F4xx_HAL_Driver/Src/stm32f4xx_hal_cortex.o
 .debug_aranges
                0x00000560       0x90 ./Drivers/STM32F4xx_HAL_Driver/Src/stm32f4xx_hal_dma.o
 .debug_aranges
                0x000005f0       0x58 ./Drivers/STM32F4xx_HAL_Driver/Src/stm32f4xx_hal_gpio.o
 .debug_aranges
                0x00000648      0x2a8 ./Drivers/STM32F4xx_HAL_Driver/Src/stm32f4xx_hal_i2c.o
 .debug_aranges
                0x000008f0       0x88 ./Drivers/STM32F4xx_HAL_Driver/Src/stm32f4xx_hal_rcc.o
 .debug_aranges
                0x00000978      0x3d0 ./Drivers/STM32F4xx_HAL_Driver/Src/stm32f4xx_hal_tim.o
 .debug_aranges
                0x00000d48      0x168 ./Drivers/STM32F4xx_HAL_Driver/Src/stm32f4xx_hal_tim_ex.o
 .debug_aranges
                0x00000eb0      0x208 ./Drivers/STM32F4xx_HAL_Driver/Src/stm32f4xx_hal_uart.o

.debug_rnglists
                0x00000000      0xd1a
 .debug_rnglists
                0x00000000       0x20 ./Core/Src/PID_Control.o
 .debug_rnglists
                0x00000020       0x13 ./Core/Src/dma.o
 .debug_rnglists
                0x00000033       0x5e ./Core/Src/dshot.o
 .debug_rnglists
                0x00000091       0x14 ./Core/Src/gpio.o
 .debug_rnglists
                0x000000a5       0x20 ./Core/Src/i2c.o
 .debug_rnglists
                0x000000c5       0x21 ./Core/Src/ibus.o
 .debug_rnglists
                0x000000e6       0x35 ./Core/Src/imu.o
 .debug_rnglists
                0x0000011b       0x21 ./Core/Src/main.o
 .debug_rnglists
                0x0000013c       0x13 ./Core/Src/stm32f4xx_hal_msp.o
 .debug_rnglists
                0x0000014f       0x5b ./Core/Src/stm32f4xx_it.o
 .debug_rnglists
                0x000001aa       0x1a ./Core/Src/system_stm32f4xx.o
 .debug_rnglists
                0x000001c4       0x42 ./Core/Src/tim.o
 .debug_rnglists
                0x00000206       0x20 ./Core/Src/usart.o
 .debug_rnglists
                0x00000226       0x19 ./Core/Startup/startup_stm32f401ccux.o
 .debug_rnglists
                0x0000023f       0xaf ./Drivers/STM32F4xx_HAL_Driver/Src/stm32f4xx_hal.o
 .debug_rnglists
                0x000002ee       0xe0 ./Drivers/STM32F4xx_HAL_Driver/Src/stm32f4xx_hal_cortex.o
 .debug_rnglists
                0x000003ce       0x70 ./Drivers/STM32F4xx_HAL_Driver/Src/stm32f4xx_hal_dma.o
 .debug_rnglists
                0x0000043e       0x3f ./Drivers/STM32F4xx_HAL_Driver/Src/stm32f4xx_hal_gpio.o
 .debug_rnglists
                0x0000047d      0x23c ./Drivers/STM32F4xx_HAL_Driver/Src/stm32f4xx_hal_i2c.o
 .debug_rnglists
                0x000006b9       0x66 ./Drivers/STM32F4xx_HAL_Driver/Src/stm32f4xx_hal_rcc.o
 .debug_rnglists
                0x0000071f      0x31a ./Drivers/STM32F4xx_HAL_Driver/Src/stm32f4xx_hal_tim.o
 .debug_rnglists
                0x00000a39      0x125 ./Drivers/STM32F4xx_HAL_Driver/Src/stm32f4xx_hal_tim_ex.o
 .debug_rnglists
                0x00000b5e      0x1bc ./Drivers/STM32F4xx_HAL_Driver/Src/stm32f4xx_hal_uart.o

.debug_macro    0x00000000    0x176ef
 .debug_macro   0x00000000       0x76 ./Core/Src/PID_Control.o
 .debug_macro   0x00000076      0xab4 ./Core/Src/PID_Control.o
 .debug_macro   0x00000b2a       0x22 ./Core/Src/PID_Control.o
 .debug_macro   0x00000b4c       0x8e ./Core/Src/PID_Control.o
 .debug_macro   0x00000bda       0x51 ./Core/Src/PID_Control.o
 .debug_macro   0x00000c2b      0x103 ./Core/Src/PID_Control.o
 .debug_macro   0x00000d2e       0x6a ./Core/Src/PID_Control.o
 .debug_macro   0x00000d98      0x1df ./Core/Src/PID_Control.o
 .debug_macro   0x00000f77       0x22 ./Core/Src/PID_Control.o
 .debug_macro   0x00000f99      0x1fb ./Core/Src/dma.o
 .debug_macro   0x00001194      0x2a1 ./Core/Src/dma.o
 .debug_macro   0x00001435       0x2e ./Core/Src/dma.o
 .debug_macro   0x00001463       0x28 ./Core/Src/dma.o
 .debug_macro   0x0000148b       0x1c ./Core/Src/dma.o
 .debug_macro   0x000014a7       0x22 ./Core/Src/dma.o
 .debug_macro   0x000014c9       0xfb ./Core/Src/dma.o
 .debug_macro   0x000015c4     0x1011 ./Core/Src/dma.o
 .debug_macro   0x000025d5      0x11f ./Core/Src/dma.o
 .debug_macro   0x000026f4     0xb86c ./Core/Src/dma.o
 .debug_macro   0x0000df60       0x6d ./Core/Src/dma.o
 .debug_macro   0x0000dfcd     0x369a ./Core/Src/dma.o
 .debug_macro   0x00011667      0x189 ./Core/Src/dma.o
 .debug_macro   0x000117f0       0x5c ./Core/Src/dma.o
 .debug_macro   0x0001184c      0x416 ./Core/Src/dma.o
 .debug_macro   0x00011c62      0x9e9 ./Core/Src/dma.o
 .debug_macro   0x0001264b      0x115 ./Core/Src/dma.o
 .debug_macro   0x00012760       0xf8 ./Core/Src/dma.o
 .debug_macro   0x00012858       0xa5 ./Core/Src/dma.o
 .debug_macro   0x000128fd      0x15f ./Core/Src/dma.o
 .debug_macro   0x00012a5c      0x287 ./Core/Src/dma.o
 .debug_macro   0x00012ce3       0x5f ./Core/Src/dma.o
 .debug_macro   0x00012d42      0x236 ./Core/Src/dma.o
 .debug_macro   0x00012f78      0x132 ./Core/Src/dma.o
 .debug_macro   0x000130aa      0x23a ./Core/Src/dma.o
 .debug_macro   0x000132e4       0x2e ./Core/Src/dma.o
 .debug_macro   0x00013312      0x1b5 ./Core/Src/dma.o
 .debug_macro   0x000134c7       0x22 ./Core/Src/dma.o
 .debug_macro   0x000134e9       0xd6 ./Core/Src/dma.o
 .debug_macro   0x000135bf      0x127 ./Core/Src/dma.o
 .debug_macro   0x000136e6       0x85 ./Core/Src/dma.o
 .debug_macro   0x0001376b       0x89 ./Core/Src/dma.o
 .debug_macro   0x000137f4      0x8ed ./Core/Src/dma.o
 .debug_macro   0x000140e1       0x47 ./Core/Src/dma.o
 .debug_macro   0x00014128      0x2aa ./Core/Src/dma.o
 .debug_macro   0x000143d2      0x126 ./Core/Src/dma.o
 .debug_macro   0x000144f8      0x2be ./Core/Src/dshot.o
 .debug_macro   0x000147b6       0x61 ./Core/Src/dshot.o
 .debug_macro   0x00014817       0x2a ./Core/Src/dshot.o
 .debug_macro   0x00014841       0x43 ./Core/Src/dshot.o
 .debug_macro   0x00014884       0x34 ./Core/Src/dshot.o
 .debug_macro   0x000148b8       0x16 ./Core/Src/dshot.o
 .debug_macro   0x000148ce       0x43 ./Core/Src/dshot.o
 .debug_macro   0x00014911       0x34 ./Core/Src/dshot.o
 .debug_macro   0x00014945       0x10 ./Core/Src/dshot.o
 .debug_macro   0x00014955       0x58 ./Core/Src/dshot.o
 .debug_macro   0x000149ad       0x8e ./Core/Src/dshot.o
 .debug_macro   0x00014a3b       0x1c ./Core/Src/dshot.o
 .debug_macro   0x00014a57      0x177 ./Core/Src/dshot.o
 .debug_macro   0x00014bce      0x369 ./Core/Src/dshot.o
 .debug_macro   0x00014f37      0x19b ./Core/Src/dshot.o
 .debug_macro   0x000150d2       0x82 ./Core/Src/dshot.o
 .debug_macro   0x00015154      0x1fb ./Core/Src/gpio.o
 .debug_macro   0x0001534f      0x1fb ./Core/Src/i2c.o
 .debug_macro   0x0001554a       0x6c ./Core/Src/ibus.o
 .debug_macro   0x000155b6       0x10 ./Core/Src/ibus.o
 .debug_macro   0x000155c6      0x213 ./Core/Src/imu.o
 .debug_macro   0x000157d9       0x3a ./Core/Src/imu.o
 .debug_macro   0x00015813      0x314 ./Core/Src/main.o
 .debug_macro   0x00015b27      0x1f1 ./Core/Src/stm32f4xx_hal_msp.o
 .debug_macro   0x00015d18      0x1fb ./Core/Src/stm32f4xx_it.o
 .debug_macro   0x00015f13      0x1e7 ./Core/Src/system_stm32f4xx.o
 .debug_macro   0x000160fa      0x1fb ./Core/Src/tim.o
 .debug_macro   0x000162f5      0x1fb ./Core/Src/usart.o
 .debug_macro   0x000164f0      0x247 ./Drivers/STM32F4xx_HAL_Driver/Src/stm32f4xx_hal.o
 .debug_macro   0x00016737      0x1e7 ./Drivers/STM32F4xx_HAL_Driver/Src/stm32f4xx_hal_cortex.o
 .debug_macro   0x0001691e      0x1ed ./Drivers/STM32F4xx_HAL_Driver/Src/stm32f4xx_hal_dma.o
 .debug_macro   0x00016b0b      0x1ed ./Drivers/STM32F4xx_HAL_Driver/Src/stm32f4xx_hal_gpio.o
 .debug_macro   0x00016cf8      0x235 ./Drivers/STM32F4xx_HAL_Driver/Src/stm32f4xx_hal_i2c.o
 .debug_macro   0x00016f2d      0x20b ./Drivers/STM32F4xx_HAL_Driver/Src/stm32f4xx_hal_rcc.o
 .debug_macro   0x00017138      0x1e8 ./Drivers/STM32F4xx_HAL_Driver/Src/stm32f4xx_hal_tim.o
 .debug_macro   0x00017320      0x1e7 ./Drivers/STM32F4xx_HAL_Driver/Src/stm32f4xx_hal_tim_ex.o
 .debug_macro   0x00017507      0x1e8 ./Drivers/STM32F4xx_HAL_Driver/Src/stm32f4xx_hal_uart.o

.debug_line     0x00000000    0x159b1
 .debug_line    0x00000000      0x489 ./Core/Src/PID_Control.o
 .debug_line    0x00000489      0x716 ./Core/Src/dma.o
 .debug_line    0x00000b9f      0xb73 ./Core/Src/dshot.o
 .debug_line    0x00001712      0x723 ./Core/Src/gpio.o
 .debug_line    0x00001e35      0x77e ./Core/Src/i2c.o
 .debug_line    0x000025b3      0x512 ./Core/Src/ibus.o
 .debug_line    0x00002ac5      0x976 ./Core/Src/imu.o
 .debug_line    0x0000343b      0xaae ./Core/Src/main.o
 .debug_line    0x00003ee9      0x714 ./Core/Src/stm32f4xx_hal_msp.o
 .debug_line    0x000045fd      0x837 ./Core/Src/stm32f4xx_it.o
 .debug_line    0x00004e34      0x799 ./Core/Src/system_stm32f4xx.o
 .debug_line    0x000055cd      0x978 ./Core/Src/tim.o
 .debug_line    0x00005f45      0x77e ./Core/Src/usart.o
 .debug_line    0x000066c3       0x7a ./Core/Startup/startup_stm32f401ccux.o
 .debug_line    0x0000673d      0xa02 ./Drivers/STM32F4xx_HAL_Driver/Src/stm32f4xx_hal.o
 .debug_line    0x0000713f      0xcf4 ./Drivers/STM32F4xx_HAL_Driver/Src/stm32f4xx_hal_cortex.o
 .debug_line    0x00007e33      0xf72 ./Drivers/STM32F4xx_HAL_Driver/Src/stm32f4xx_hal_dma.o
 .debug_line    0x00008da5      0xb52 ./Drivers/STM32F4xx_HAL_Driver/Src/stm32f4xx_hal_gpio.o
 .debug_line    0x000098f7     0x3b48 ./Drivers/STM32F4xx_HAL_Driver/Src/stm32f4xx_hal_i2c.o
 .debug_line    0x0000d43f      0xd8b ./Drivers/STM32F4xx_HAL_Driver/Src/stm32f4xx_hal_rcc.o
 .debug_line    0x0000e1ca     0x3580 ./Drivers/STM32F4xx_HAL_Driver/Src/stm32f4xx_hal_tim.o
 .debug_line    0x0001174a     0x1993 ./Drivers/STM32F4xx_HAL_Driver/Src/stm32f4xx_hal_tim_ex.o
 .debug_line    0x000130dd     0x28d4 ./Drivers/STM32F4xx_HAL_Driver/Src/stm32f4xx_hal_uart.o

.debug_str      0x00000000    0x905d8
 .debug_str     0x00000000     0x3c89 ./Core/Src/PID_Control.o
                               0x3e0b (size before relaxing)
 .debug_str     0x00003c89    0x84361 ./Core/Src/dma.o
                              0x88170 (size before relaxing)
 .debug_str     0x00087fea     0x41eb ./Core/Src/dshot.o
                              0x8bf83 (size before relaxing)
 .debug_str     0x0008c1d5       0xd8 ./Core/Src/gpio.o
                              0x87e80 (size before relaxing)
 .debug_str     0x0008c2ad      0x2ec ./Core/Src/i2c.o
                              0x883b4 (size before relaxing)
 .debug_str     0x0008c599       0xc2 ./Core/Src/ibus.o
                               0x3dfe (size before relaxing)
 .debug_str     0x0008c65b      0x24b ./Core/Src/imu.o
                              0x884e0 (size before relaxing)
 .debug_str     0x0008c8a6      0x582 ./Core/Src/main.o
                              0x8c76a (size before relaxing)
 .debug_str     0x0008ce28       0x2c ./Core/Src/stm32f4xx_hal_msp.o
                              0x87db5 (size before relaxing)
 .debug_str     0x0008ce54      0x17c ./Core/Src/stm32f4xx_it.o
                              0x8803c (size before relaxing)
 .debug_str     0x0008cfd0       0xdb ./Core/Src/system_stm32f4xx.o
                              0x87e65 (size before relaxing)
 .debug_str     0x0008d0ab      0x1d1 ./Core/Src/tim.o
                              0x885e3 (size before relaxing)
 .debug_str     0x0008d27c       0x51 ./Core/Src/usart.o
                              0x8833d (size before relaxing)
 .debug_str     0x0008d2cd       0x44 ./Core/Startup/startup_stm32f401ccux.o
                                 0x74 (size before relaxing)
 .debug_str     0x0008d311      0x60d ./Drivers/STM32F4xx_HAL_Driver/Src/stm32f4xx_hal.o
                              0x88887 (size before relaxing)
 .debug_str     0x0008d91e      0x37f ./Drivers/STM32F4xx_HAL_Driver/Src/stm32f4xx_hal_cortex.o
                              0x885f1 (size before relaxing)
 .debug_str     0x0008dc9d      0x2e3 ./Drivers/STM32F4xx_HAL_Driver/Src/stm32f4xx_hal_dma.o
                              0x8826d (size before relaxing)
 .debug_str     0x0008df80      0x121 ./Drivers/STM32F4xx_HAL_Driver/Src/stm32f4xx_hal_gpio.o
                              0x87fe0 (size before relaxing)
 .debug_str     0x0008e0a1      0xaf5 ./Drivers/STM32F4xx_HAL_Driver/Src/stm32f4xx_hal_i2c.o
                              0x88e76 (size before relaxing)
 .debug_str     0x0008eb96      0x213 ./Drivers/STM32F4xx_HAL_Driver/Src/stm32f4xx_hal_rcc.o
                              0x88299 (size before relaxing)
 .debug_str     0x0008eda9      0xd9f ./Drivers/STM32F4xx_HAL_Driver/Src/stm32f4xx_hal_tim.o
                              0x891dd (size before relaxing)
 .debug_str     0x0008fb48      0x493 ./Drivers/STM32F4xx_HAL_Driver/Src/stm32f4xx_hal_tim_ex.o
                              0x889e9 (size before relaxing)
 .debug_str     0x0008ffdb      0x5fd ./Drivers/STM32F4xx_HAL_Driver/Src/stm32f4xx_hal_uart.o
                              0x88868 (size before relaxing)

.comment        0x00000000       0x43
 .comment       0x00000000       0x43 ./Core/Src/PID_Control.o
                                 0x44 (size before relaxing)
 .comment       0x00000043       0x44 ./Core/Src/dma.o
 .comment       0x00000043       0x44 ./Core/Src/dshot.o
 .comment       0x00000043       0x44 ./Core/Src/gpio.o
 .comment       0x00000043       0x44 ./Core/Src/i2c.o
 .comment       0x00000043       0x44 ./Core/Src/ibus.o
 .comment       0x00000043       0x44 ./Core/Src/imu.o
 .comment       0x00000043       0x44 ./Core/Src/main.o
 .comment       0x00000043       0x44 ./Core/Src/stm32f4xx_hal_msp.o
 .comment       0x00000043       0x44 ./Core/Src/stm32f4xx_it.o
 .comment       0x00000043       0x44 ./Core/Src/system_stm32f4xx.o
 .comment       0x00000043       0x44 ./Core/Src/tim.o
 .comment       0x00000043       0x44 ./Core/Src/usart.o
 .comment       0x00000043       0x44 ./Drivers/STM32F4xx_HAL_Driver/Src/stm32f4xx_hal.o
 .comment       0x00000043       0x44 ./Drivers/STM32F4xx_HAL_Driver/Src/stm32f4xx_hal_cortex.o
 .comment       0x00000043       0x44 ./Drivers/STM32F4xx_HAL_Driver/Src/stm32f4xx_hal_dma.o
 .comment       0x00000043       0x44 ./Drivers/STM32F4xx_HAL_Driver/Src/stm32f4xx_hal_gpio.o
 .comment       0x00000043       0x44 ./Drivers/STM32F4xx_HAL_Driver/Src/stm32f4xx_hal_i2c.o
 .comment       0x00000043       0x44 ./Drivers/STM32F4xx_HAL_Driver/Src/stm32f4xx_hal_rcc.o
 .comment       0x00000043       0x44 ./Drivers/STM32F4xx_HAL_Driver/Src/stm32f4xx_hal_tim.o
 .comment       0x00000043       0x44 ./Drivers/STM32F4xx_HAL_Driver/Src/stm32f4xx_hal_tim_ex.o
 .comment       0x00000043       0x44 ./Drivers/STM32F4xx_HAL_Driver/Src/stm32f4xx_hal_uart.o

.debug_frame    0x00000000     0x477c
 .debug_frame   0x00000000       0x88 ./Core/Src/PID_Control.o
 .debug_frame   0x00000088       0x34 ./Core/Src/dma.o
 .debug_frame   0x000000bc      0x1e8 ./Core/Src/dshot.o
 .debug_frame   0x000002a4       0x34 ./Core/Src/gpio.o
 .debug_frame   0x000002d8       0x74 ./Core/Src/i2c.o
 .debug_frame   0x0000034c       0x88 ./Core/Src/ibus.o
 .debug_frame   0x000003d4       0xfc ./Core/Src/imu.o
 .debug_frame   0x000004d0       0x70 ./Core/Src/main.o
 .debug_frame   0x00000540       0x38 ./Core/Src/stm32f4xx_hal_msp.o
 .debug_frame   0x00000578      0x174 ./Core/Src/stm32f4xx_it.o
 .debug_frame   0x000006ec       0x58 ./Core/Src/system_stm32f4xx.o
 .debug_frame   0x00000744      0x134 ./Core/Src/tim.o
 .debug_frame   0x00000878       0x74 ./Core/Src/usart.o
 .debug_frame   0x000008ec      0x374 ./Drivers/STM32F4xx_HAL_Driver/Src/stm32f4xx_hal.o
 .debug_frame   0x00000c60      0x508 ./Drivers/STM32F4xx_HAL_Driver/Src/stm32f4xx_hal_cortex.o
 .debug_frame   0x00001168      0x250 ./Drivers/STM32F4xx_HAL_Driver/Src/stm32f4xx_hal_dma.o
 .debug_frame   0x000013b8      0x14c ./Drivers/STM32F4xx_HAL_Driver/Src/stm32f4xx_hal_gpio.o
 .debug_frame   0x00001504      0xc84 ./Drivers/STM32F4xx_HAL_Driver/Src/stm32f4xx_hal_i2c.o
 .debug_frame   0x00002188      0x1f4 ./Drivers/STM32F4xx_HAL_Driver/Src/stm32f4xx_hal_rcc.o
 .debug_frame   0x0000237c     0x11b8 ./Drivers/STM32F4xx_HAL_Driver/Src/stm32f4xx_hal_tim.o
 .debug_frame   0x00003534      0x638 ./Drivers/STM32F4xx_HAL_Driver/Src/stm32f4xx_hal_tim_ex.o
 .debug_frame   0x00003b6c      0x954 ./Drivers/STM32F4xx_HAL_Driver/Src/stm32f4xx_hal_uart.o
 .debug_frame   0x000044c0       0x20 /Applications/STM32CubeIDE.app/Contents/Eclipse/plugins/com.st.stm32cube.ide.mcu.externaltools.gnu-tools-for-stm32.12.3.rel1.macos64_1.0.100.202403111906/tools/bin/../lib/gcc/arm-none-eabi/12.3.1/../../../../arm-none-eabi/lib/thumb/v7e-m+fp/hard/libc_nano.a(libc_a-memset.o)
 .debug_frame   0x000044e0       0x2c /Applications/STM32CubeIDE.app/Contents/Eclipse/plugins/com.st.stm32cube.ide.mcu.externaltools.gnu-tools-for-stm32.12.3.rel1.macos64_1.0.100.202403111906/tools/bin/../lib/gcc/arm-none-eabi/12.3.1/../../../../arm-none-eabi/lib/thumb/v7e-m+fp/hard/libc_nano.a(libc_a-init.o)
 .debug_frame   0x0000450c       0x2c /Applications/STM32CubeIDE.app/Contents/Eclipse/plugins/com.st.stm32cube.ide.mcu.externaltools.gnu-tools-for-stm32.12.3.rel1.macos64_1.0.100.202403111906/tools/bin/../lib/gcc/arm-none-eabi/12.3.1/../../../../arm-none-eabi/lib/thumb/v7e-m+fp/hard/libm.a(libm_a-sf_lrint.o)
 .debug_frame   0x00004538       0xac /Applications/STM32CubeIDE.app/Contents/Eclipse/plugins/com.st.stm32cube.ide.mcu.externaltools.gnu-tools-for-stm32.12.3.rel1.macos64_1.0.100.202403111906/tools/bin/../lib/gcc/arm-none-eabi/12.3.1/thumb/v7e-m+fp/hard/libgcc.a(_arm_addsubdf3.o)
 .debug_frame   0x000045e4       0x50 /Applications/STM32CubeIDE.app/Contents/Eclipse/plugins/com.st.stm32cube.ide.mcu.externaltools.gnu-tools-for-stm32.12.3.rel1.macos64_1.0.100.202403111906/tools/bin/../lib/gcc/arm-none-eabi/12.3.1/thumb/v7e-m+fp/hard/libgcc.a(_arm_muldivdf3.o)
 .debug_frame   0x00004634       0xc4 /Applications/STM32CubeIDE.app/Contents/Eclipse/plugins/com.st.stm32cube.ide.mcu.externaltools.gnu-tools-for-stm32.12.3.rel1.macos64_1.0.100.202403111906/tools/bin/../lib/gcc/arm-none-eabi/12.3.1/thumb/v7e-m+fp/hard/libgcc.a(_arm_cmpdf2.o)
 .debug_frame   0x000046f8       0x24 /Applications/STM32CubeIDE.app/Contents/Eclipse/plugins/com.st.stm32cube.ide.mcu.externaltools.gnu-tools-for-stm32.12.3.rel1.macos64_1.0.100.202403111906/tools/bin/../lib/gcc/arm-none-eabi/12.3.1/thumb/v7e-m+fp/hard/libgcc.a(_arm_truncdfsf2.o)
 .debug_frame   0x0000471c       0x2c /Applications/STM32CubeIDE.app/Contents/Eclipse/plugins/com.st.stm32cube.ide.mcu.externaltools.gnu-tools-for-stm32.12.3.rel1.macos64_1.0.100.202403111906/tools/bin/../lib/gcc/arm-none-eabi/12.3.1/thumb/v7e-m+fp/hard/libgcc.a(_aeabi_uldivmod.o)
 .debug_frame   0x00004748       0x34 /Applications/STM32CubeIDE.app/Contents/Eclipse/plugins/com.st.stm32cube.ide.mcu.externaltools.gnu-tools-for-stm32.12.3.rel1.macos64_1.0.100.202403111906/tools/bin/../lib/gcc/arm-none-eabi/12.3.1/thumb/v7e-m+fp/hard/libgcc.a(_udivmoddi4.o)

.debug_line_str
                0x00000000       0x58
 .debug_line_str
                0x00000000       0x58 ./Core/Startup/startup_stm32f401ccux.o
