../Core/Src/dshot.c:38:6:dshot_init	16	static
../Core/Src/dshot.c:44:6:dshot_tx	16	static
../Core/Src/dshot.c:52:17:dshot_choose_type	16	static
../Core/Src/dshot.c:65:13:dshot_set_timer	32	static
../Core/Src/dshot.c:89:13:dshot_dma_tc_callback	24	static
../Core/Src/dshot.c:111:13:dshot_put_tc_callback_function	4	static
../Core/Src/dshot.c:123:13:dshot_start_pwm	8	static
../Core/Src/dshot.c:131:17:dshot_prepare_packet	32	static
../Core/Src/dshot.c:151:13:dshot_prepare_dmabuffer	24	static
../Core/Src/dshot.c:164:13:dshot_prepare_dmabuffer_all	16	static
../Core/Src/dshot.c:171:13:dshot_dma_start	8	static
../Core/Src/dshot.c:185:13:dshot_enable_dma_request	4	static
