../Core/Src/dshot.c:38:17:dshot_choose_type	16	static
../Core/Src/dshot.c:51:13:dshot_set_timer	32	static
../Core/Src/dshot.c:75:13:dshot_dma_tc_callback	24	static
../Core/Src/dshot.c:97:13:dshot_put_tc_callback_function	4	static
../Core/Src/dshot.c:109:13:dshot_start_pwm	8	static
../Core/Src/dshot.c:117:17:dshot_prepare_packet	32	static
../Core/Src/dshot.c:137:13:dshot_prepare_dmabuffer	24	static
../Core/Src/dshot.c:150:13:dshot_prepare_dmabuffer_all	16	static
../Core/Src/dshot.c:157:13:dshot_dma_start	8	static
../Core/Src/dshot.c:171:13:dshot_enable_dma_request	4	static
../Core/Src/dshot.c:180:6:dshot_init	16	static
../Core/Src/dshot.c:186:6:dshot_tx	16	static
